[    0.000000] Initializing cgroup subsys cpuset
[    0.000000] Initializing cgroup subsys cpu
[    0.000000] Initializing cgrou subsys cpuacct
[    0.000000] Linux version 4.4.0-137-generic (buildd@lgw01-amd64-037) (gcc version 5.4.0 20160609 (Ubuntu 5.4.0-6ubuntu1~16.04.10) ) #163-Ubuntu SMP Mon Sep 24 13:14:43 UTC 2018 (Ubuntu 4.4.0-137.163-generic 4.4.144)
[    0.000000] Command line: BOOT_IMAGE=/boot/vmlinuz-4.4.0-137-generic root=LABEL=cloudimg-rootfs ro console=tty1 consol=ttyS0[    0.000000] KERNEL supported cpus:
[    0.000000]   Intel GenuineIntel
[    0.000000]   AMD AuthenticAMD
[    0.000000]   Centaur CentaurHauls[   0.000000] x86/fpu: xstate_offset[2]:  56, xstate_sizes[2]: 256
[    0.000000 x86/fpu: Supporting XSAVE feature 0x0: 'x87 floating point registers'
[    .000000] x86/fpu: Supporting XSAVE feature 0x02: 'SSE registers'
[    .000000] x86/fpu: Supporting XSAVE fature 0x0: 'AVX registers'
[    0.000000] x86/fpu: Enabled xstate features 0x7, context size is 832 bytes using 'standard' format.
[    0.000000] e820: BIOS-provied physcal RAM map:
[    0.000000]BIOS-e820: [mem 0x0000000000000000-0x000000000009fbff] usable
[    0.000000] BIOS-e820: [mem 0x000000000009fc00-0x000000000009ffff] reserved
[    0.000000] BIOS-e820: [mem 0x00000000000f0000-0x00000000000fffff] reserved
[    0.000000] BIOS-e820: [mem 0x0000000000100000-0x000000003ffeffff] usable
[    0.000000] BIOS-e820: [mem 0x000000003fff0000-0x000000003fffffff] ACPI data
[    0.000000] BIOS-e820: [mem 0x00000000fec00000-0x00000000fec00fff] reserved
[    0.000000] BIOS-e820: [mem 0x00000000fee00000-0x00000000fee00fff] reserved
[    0.000000] BIOS-e820: [mem 0x00000000fffc0000-0x00000000fffffff] rserved
[    0.000000] NX (Execute Disable) protection: active
[    0.000000] SMBIOS 2.5 present.
[    .00000] Hypervisor detectd: KVM
[    0.000000] e820: last_pfn = 0x3fff0 max_arch_pfn = 0x400000000
[    .000000] MTRR: Disabled
[    0.000000] x86/PAT: MTRRs disabled, skipping PAT initialization too.
[    0.00000] PU MTRRs all blank - virtualized system.
[    0.000000] x86/PAT: Configuration [0-7]: WB  WT  UC- UC  WB  WT  UC- UC  
[    0.000000] foun SMPMP-table at [mem 0x0009fff0-0x000ffff] mapped at [ffff88000009fff0]
[    0.00000] Scanning 1areas for low memory corruption
[    0.000000] RAMDIS [mem 0x3630e000-0x3717efff]
[    0.000000] ACPI: Early table chcksum vrifiction disaled
[    0.000000] ACPI: RSDP 0x00000000000E0000 000024 (v02 BOX  )
[    0000000] ACPI: XSDT 0x000000003FFF0030 0003C (v01 VBOX   VBXXSDT 00000001 ASL  00000061)
[    0.000000 ACPI: FACP 0x000000003FFF00F0 0000F4 (v04 VBOX   VBOXFACP 00000001 ASL 0000001)
[   0.000000] ACPI: DSDT 0x000000003FFF0470 0021FF (v02 VBOX   VBOXBIOS 0000002 INTL 20100528)
[    0.000000] ACPI: ACS 0x000000003FFF0200 000040
[    0.000000] ACPI: FACS 0x000000003FFF0200 000040
[    0.000000] ACPI: APIC 0x000000003FFF0240 00005C (v0 VBOX   VBOXAPIC 00000001 ASL  000000061)
[    0.000000] ACPI: SSDT 0x000000003FFF02A0 0001C(v01 VBOX   VBOXCPUT 00000002 INTL 20100528)
[   0.000000] No NUMA configuration found
[    .000000 Fakng a node at [mem 0x0000000000000000-0x000000003ffeffff]
[    0.000000] NODE_DATA(0) allocated [mem 0x3ffeb000-0x3ffeffff]
[   0.000000] kvm-clock: Using srs 4b564d01 and 4b564d00
[    0.000000]kvm-clock: cpu 0, msr 0:3ffe3001, primary cpu clock
[    0.00000] vm-clock: uing sched offset of 5183958662 cycles
[    0000000] clocksource: kvm-clock: mask: 0xffffffffffffffff max_cycles: 0x1cd42e4dffb, max_idle_ns: 881590591483 ns
[    0.000000] Zone ranges:
[    0.000000]   DMA      [mem 0x0000000000001000-0x0000000000ffffff]
[    0.000000]   DMA32    [me 0x0000000001000000-0000000003ffeffff]
[    0.000000]   Normal   empty
[    0.000000]   Device   empty
[    0.000000] vabl zone start for each node
[    0.000000] Early memory node ranges
[    0.000000]  node   0: [mem 0x00000000000100-0x00000000009efff]
[    0.000000]   node   0: [mem0x000000000100000-0x000000003ffeffff]
[    0.000000] Initmm setupnode 0 [mm 0x0000000000001000-0x000000003ffeffff]
[    0.000000] API: PM-TimerIO Port: 0x4008
[    0.000000] IOAPIC[0]: apic_id 2, version 32, address 0xfec00000, GSI 0-23
[    0.00000] ACPI: INT_SRC_OVR (bus 0 bus_irq 0 global_irq 2 dfl dfl)
[    0.000000] ACPI: INT_SRC_OVR (bus 0 bus_irq 9 global_irq 9 low level)
[    .000000] Using ACPI (MADT) forSMPconfiguration information
[    0.000000] smpboot: Allowing 2 CPUs, 0 hotplug CPUs
[    .000000] PM Registered nosave memory: [mem 0x00000000-0x0000fff]
[    0.000000] PM: Registered nosave memory: [mem 0x0009f000-0x0009ffff]
[    0.000000] PM: Regstered nosave memory: [mem 0x000a0000-0000effff]
[    0.000000] PM: Registered nosave memory: [mem 0x000f0000-0x000fffff]
[    0.000000] e820: [mem 0x40000000-0xfebfffff] available for PCI devices
[    0.000000] Booting paravirtualized kernel on KVM
[    0.000000] clocksource: refined-jiffies: mask: 0xffffffff max_cycles: 0xffffffff, max_idle_ns: 7645519600211568 ns
[    0.000000] setup_percpu: NR_CPUS:512 nr_cpumask_bits:512 nr_cpu_ids:2 nr_node_ids:1
[    0.000000] PERCPU: Emedded 34 pages/pu @ffff88003fc00000 s99608 r8192 d31464 u1048576
[    0.000000] PV qspinlock hash table entries: 256 (order: 0, 4096 bytes)
[    0.000000] Built 1 zonlists in Node order, mobility grouping on.  Total pages: 257912
[    0.000000] Policy zone: DMA32
[    0.000000] Kernel command le: BOO_IMAGE=/boot/vmlinuz-4.4.0-137-geeric rot=LABEL=cloudimg-rootfs ro console=tty1 console=ttyS0
[    0.000000] PID hash table entries: 4096 (order: 3, 32768 bytes)
[    0.000000] Memory: 997716K/1048120K available (8555K kernel code, 1314K rwdata, 4004K rodata, 1528K init, 1316K bss, 50404K reserved, 0K cma-reserved)
[    0.000000] SLUB: HWalign=64, Order=0-3, MinObjects=0, CPUs=2, Nodes=1
[    0.000000] Kernel/User page tables isolation: enabled
[    0.000000] Hierarchical RCU implementation.
[    0.000000] 	Build-time adjustment of leaf fanout to 64.
[    0.000000] 	RCU restricting CPUs from NR_CPUS=512 to nr_cpu_ids=2.
[    0.000000] RCU: Adjusting geometry for rcu_fanout_leaf=64, nr_cpu_ids=2
[    0.000000] NR_IRQS:33024 nr_irqs:440 16
[    0.000000] Console: colour VGA+ 80x25
[    0.000000] console [tty1] enabled
[    0.000000] console [ttyS0] enabled
[    0.000000] tsc: Detected 1799.999 MHz processor
[    2.051124] Calibrating delay loop (skipped) preset value.. 3599.99 BogoMIPS (lpj=7199996)
[    2.054206] pid_max: default: 32768 minimum: 301
[     2.055608] ACPI: Core revision 20150930
[    2.059193] ACPI: 2 ACPI AML tables successfully acquired and loaded
[    2.061423] Security Framework initialized
[    2.062730] Yama: becoming mindful.
[    2.063866] AppArmor: AppArmor initialized
[    2.066711] Dentry cache hash table entries: 131072 (order: 8, 1048576 bytes)
[    2.071154] Inode-cache hash table entries: 65536 (order: 7, 524288 bytes)
[    2.073574] Mount-cache hash table entries: 2048 (order: 2, 16384 bytes)
[    2.077153] Mountpoint-cache hash table entries: 2048 (order: 2, 16384 bytes)
[    2.090857] Initializing cgroup subsys io
[    2.092627] Initializing cgroup subsys memory
[    2.097102] Initializing cgroup subsys devices
[    2.110838] Initializing cgroup subsys freezer
[    2.112678] Initializing cgroup subsys net_cls
[    2.125448] Initializing cgroup subsys perf_event
[    2.143635] Initializing cgroup subsys net_prio
[    2.145348] Initializing cgroup subsys hugetlb
[    2.146701] Initializing cgroup subsys pids
[    2.149288] mce: CPU supports 0 MCE banks
[    2.162638] Last level iTLB entries: 4KB 64, 2MB 8, 4MB 8
[    2.164896] Last level dTLB entries: 4KB 64, 2MB 0, 4MB 0, 1GB 4
[    2.174614] Spectre V2 : Mitigation: Full generic retpoline
[    2.183195] Spectre V2 : Spectre v2 mitigation: Speculation control IBPB not-supported IBRS not-supported
[    2.193081] Spectre V2 : Spectre v2 / SpectreRSB mitigation: Filling RSB on context switch
[    2.205722] Speculative Store Bypass: Vulnerable
[    2.214379] Freeing SMP alternatives memory: 32K
[    2.224969] ftrace: allocating 32265 entries in 127 pages
[    2.291288] smpboot: APIC(0) Converting physical 0 to logical package 0
[    2.303983] smpboot: Max logical packages: 1
[    2.316431] x2apic enabled
[    2.318148] Switched APIC routing to physical x2apic.
[    2.326219] ..TIMER: vector=0x30 apic1=0 pin1=2 apic2=-1 pin2=-1
[    2.446067] smpboot: CPU0: Intel(R) Core(TM) i5-5350U CPU @ 1.80GHz (family: 0x6, model: 0x3d, stepping: 0x4)
[    2.458021] Performance Events: unsupported p6 CPU model 61 no PMU driver, software events only.
[    2.470544] KVM setup paravirtual spinlock
[    2.485857] x86: Booting SMP configuration:
[    2.490846] .... node  #0, CPUs:      #1
[    2.495163] kvm-clock: cpu 1, msr 0:3ffe3041, secondary cpu clock
[    2.498158] mce: CPU supports 0 MCE banks
[    2.507763] x86: Booted up 1 node, 2 CPUs
[    2.509567] smpboot: Total of 2 processors activated (7199.99 BogoMIPS)
[    2.517673] devtmpfs: initialized
[    2.522269] evm: security.selinux
[    2.524759] evm: security.SMACK64
[    2.528879] evm: security.SMACK64EXEC
[    2.535063] evm: security.SMACK64TRANSMUTE
[    2.548921] evm: security.SMACK64MMAP
[    2.553055] evm: security.ima
[    2.555871] evm: security.capability
[    2.559763] clocksource: jiffies: mask: 0xffffffff max_cycles: 0xffffffff, max_idle_ns: 7645041785100000 ns
[    2.566451] futex hash table entries: 512 (order: 3, 32768 bytes)
[    2.577889] pinctrl core: initialized pinctrl subsystem
[    2.583816] RTC time:  9:38:20, date: 10/17/18
[    2.593293] NET: Registered protocol family 16
[    2.610949] cpuidle: using governor ladder
[    2.630401] cpuidle: using governor menu
[    2.635647] PCCT header not found.
[    2.642504] ACPI: bus type PCI registered
[    2.647323] acpiphp: ACPI Hot Plug PCI Controller Driver version: 0.5
[    2.657074] PCI: Using configuration type 1 for base access
[    2.676198] ACPI: Added _OSI(Module Device)
[    2.684291] ACPI: Added _OSI(Processor Device)
[    2.686070] ACPI: Added _OSI(3.0 _SCP Extensions)
[    2.692813] ACPI: Added _OSI(Processor Aggregator Device)
[    2.696895] ACPI: Executed 1 blocks of module-level executable AML code
[    2.702118] ACPI: Interpreter enabled
[    2.704848] ACPI: (supports S0 S5)
[    2.706323] ACPI: Using IOAPIC for interrupt routing
[    2.708418] PCI: Using host bridge windows from ACPI; if necessary, use "pci=nocrs" and report a bug
[    2.720868] ACPI: PCI Root Bridge [PCI0] (domain 0000 [bus 00-ff])
[    2.725412] acpi PNP0A03:00: _OSC: OS supports [ASPM ClockPM Segments MSI]
[    2.732165] acpi PNP0A03:00: _OSC: not requesting OS control; OS requires [ExtendedConfig ASPM ClockPM MSI]
[    2.746402] acpi PNP0A03:00: fail to add MMCONFIG information, can't access extended PCI configuration space under this bridge.
[    2.757477] PCI host bridge to bus 0000:00
[    2.759107] pci_bus 0000:00: root bus resource [io  0x0000-0x0cf7 window]
[    2.763491] pci_bus 0000:00: root bus resource [io  0x0d00-0xffff window]
[    2.772263] pci_bus 0000:00: root bus resource [mem 0x000a0000-0x000bffff window]
[    2.776711] pci_bus 0000:00: root bus resource [mem 0x40000000-0xfdffffff window]
[    2.789315] pci_bus 0000:00: root bus resource [bus 00-ff]
[    2.794484] pci 0000:00:01.1: legacy IDE quirk: reg 0x10: [io  0x01f0-0x01f7]
[    2.796988] pci 0000:00:01.1: legacy IDE quirk: reg 0x14: [io  0x03f6]
[    2.800058] pci 0000:00:01.1: legacy IDE quirk: reg 0x18: [io  0x0170-0x0177]
[    2.802103] pci 0000:00:01.1: legacy IDE quirk: reg 0x1c: [io  0x0376]
[    2.837721] pci 0000:00:07.0: quirk: [io  0x4000-0x403f] claimed by PIIX4 ACPI
[    2.840365] pci 0000:00:07.0: quirk: [io  0x4100-0x410f] claimed by PIIX4 SMB
[    2.866053] ACPI: PCI Interrupt Link [LNKA] (IRQs 5 9 10 *11)
[    2.869533] ACPI: PCI Interrupt Link [LNKB] (IRQs 5 9 *10 11)
[    2.874598] ACPI: PCI Interrupt Link [LNKC] (IRQs 5 *9 10 11)
[    2.881565] ACPI: PCI Interrupt Link [LNKD] (IRQs 5 9 10 *11)
[    2.897410] ACPI: Enabled 2 GPEs in block 00 to 07
[    2.909028] vgaarb: setting as boot device: PCI:0000:00:02.0
[    2.911254] vgaarb: device added: PCI:0000:00:02.0,decodes=io+mem,owns=io+mem,locks=none
[    2.924410] vgaarb: loaded
[    2.929515] vgaarb: bridge control possible 0000:00:02.0
[    2.940138] SCSI subsystem initialized
[    2.943716] ACPI: bus type USB registered
[    2.947527] usbcore: registered new interface driver usbfs
[    2.955398] usbcore: registered new interface driver hub
[    2.957631] usbcore: registered new device driver usb
[    2.974119] PCI: Using ACPI for IRQ routing
[    2.976591] NetLabel: Initializing
[    2.980281] NetLabel:  domain hash size = 128
[    2.987420] NetLabel:  protocols = UNLABELED CIPSOv4
[    2.989870] NetLabel:  unlabeled traffic allowed by default
[    2.992375] amd_nb: Cannot enumerate AMD northbridges
[    2.994449] clocksource: Switched to clocksource kvm-clock
[    310790] AppArmor:AppArmor Filesystm Enabled
[   3.154330] pnp: PnP ACPI init
    3.181572] pnp: PnP ACPI: found 3 devices

[    3.221911] clocksource: acpi_pm: mask: 0xffffff max_cycles: 0xffffff, max_idle_ns: 2085701024 ns
[    .225335] NET: Registered protocol family 2

[    .252011] TCP established hash table entries: 8192 (order: 4, 65536 bytes)

[    3.282096] TCP bind hash tableentries: 8192 (order: 5, 131072 bytes)
[   3.309305] TCP: Hash tables configured (established 8192 bind 8192)
[   3.33979] UDPhash table entris: 512 (order: 2,16384 bytes)
[   3.463749] UDP-Lite hah table entries: 512 (order: 2, 16384 bytes)
[    515516] NET: Registered protocol amily 1
[    3.591047] pci 0000:00:000: Limiting direct PCI/PI transfers
[    3.642599] pc 0000:00:01.0: Activatin ISA A hang workarounds
[    3.74298] Unpacking initramfs...

[    4.032212] Freeing initrd memory: 14788K
[    4.046283] RAPL PMU detected, API unit is 2^-32 Joules, 4 fixed counters 10737418240 ms ovfl timer
[    4.050535] hw unit of domain pp0-core 2^-0 Joules
[    4.064265] hw unit of domain package 2^-0 Joules
[    4.073719] hw unit of domain dram 2^-0 Joules
[    4.079489] hw unit of domain pp1-gpu 2^-0 Joules
[    4.087772] platform rtc_cmos: registered platform RTC device (no PNP device found)
[    4.103770] Scanning for low memory corrution every 60 seconds

[    4.134482] audit: initializing netlink subsys (disabled)
[    4.139891] audit: type=2000 audit(1539769106.390:1): initialized
[    4.148175] Initialise system trusted keyring
[    4.150653] HugeTLB registered 2 MB page size, pre-allocated 0 pages
[    4.161693] zbud: loaded
[    4.170170] VS: Disk quotas dquot_6.6.0
[    4.24773] VFS: Dquot-cache hash table entriess: 512 (orer 0 4096 bytes)
[    4.316731] squashfs: version 4.0 (2009/01/31) Phillip Lougher

[    4.319303] fuse init (API ersion 7.23)

[    4.352833] Key type big_key registered
[    4.354372] Allocating IMA MOKand blacklist keyings.

[    4.409177] Key type asymmetric registered
[    4.410457] Asymmetric key parser 'x509' registered
[    4.412103] Block layer SCSI generic (bsg) driver version 0.4 loaded (major 249)
[    4.414668] io scheduler noop registered
[    4.416274] io scheduler deadline registered (default)
[    4.419840] io scheduler cfq registered
[    4.423746] pci_hotplug: PCI Hot Plug PCI Core version: 0.5
[    4.432700] pciehp: PCI Express Hot Plug Controller Driver version: 0.4
[    4.435764] ACPI: AC Adapter [AC] (off-line)
[    4.441188] input: Power Button as /devices/LNXSYSTM00/LNXPWRBN:00/input/input0

[    4.468368] ACPI: Power Button [PWRF]
[    4.470688] input: Sleep Button as /devices/LNXSYSTM:00/LNXSLPBN:00/input/input1
[    4.476042] ACPI: leep Buton [SLPF]

[    4.526907] GHES: HEST is not enabled!
[    4.528536] Serial: 8250/16550 driver, 32 ports, IRQ sharing enabled
[    4.528624] ACPI: Battery Slot [BAT0] (battery present)
[    4.570402] 00:02: ttyS0 at I/O 0x3f8 (irq = 4, base_baud = 115200) is a 16550A
[    .574281] Linux agpgart interface v.103
[    4.630526] loop: module loaded
[    4.63422] scsi host0: ata_piix

[    4.660840] scsi host1: ata_piix
[    4.662284] ta1: PATA max UDMA/33 cmd 0x1f0 ctl 0x3f6 bmdma 0xd000 irq 14
[    4.689090] ata2: PATA max UMA/33 cmd 0x170 ctl 0x376 bmdma 0x008 irq 15

[    4.740754] libphy: ixed MDIO Bus: probe

[    4.795518] tun: Universal TUN/TAP device driver, 1.6
[    4.808095] tun: (C) 1999-2004 Max Krasnyansky <max@qualomm.com>
[    4.883820] PPP generic driver version 2.4.2
[    4.895162] ehci_hcd: USB 2.0 'Enhanced' Host Controller (EHCI) Driver
[    4.921959] ehci-pci: EHCI PCI platform driver
[    4.923910] ehci-platform: EHCI generic platform driver

[    4.950522] ohci_hcd: USB 1.1 'Open' Host Controller (OHCI) river

[    5.001518] ohci-pci: OHCI PCI platfor driver
    5.028773] oci-platform: OHCI generic platform driver
[    5.087020] tsc: Refined TSC clocksource calibration: 798.877 MHz
[    5.08722] clocksource: tsc: mask:0xffffffffffffffff max_cycles: 0x19ee04c2313, x_idle_ns: 440795234658 ns
[    5.217875] uhc_hcd: USB Uiversal Host Controller Interface driver
[    5.268792] i8042: PNP: PS/2 Controller [PNP0303:PS2K,PNP0f0:PS2] at 0x60,0x64 irq 1,12

[    5.323191] serio: i8042 KBD port at 0x60,0x64 irq 1
[    5.325350] serio: i8042 AUX port at 0x60,0x64 irq 12
[    5.333333] mousedev: PS/2 mouse device common for all mice
[    5.336863] input: AT Translated Set 2 keyboard as /devices/platform/i8042/serio0/input/input2
[    5.341399] rtc_cmos rtc_cmos: rtc core: registered rtc_cmos as rtc0
[    5.362422] rtc_cmos rtc_cmos: alarms up to one day, 114 bytes nvram
[    5.370200] i2c /dev entries driver
[    5.372957] device-mapper: uevent: version 1.0.3
[    5.376643] device-mapper: ioctl: 4.34.0-ioctl (2015-10-28) initialised: dm-devel@redhat.com
[    5.393316] ledtrig-cpu: registered to indicate activity on CPUs
[    5.411867] NET: Registered protocol family 10
[    5.415863] NET: Registered protocol family 17
[    5.420325] Key type dns_resolver registered
[    5.425753] registered taskstats version 1
[    5.435808] Loading compiled-in X.509 certificates
[    5.446344] Loaded X.509 cert 'Build time autogenerated kernel key: 20acc96b50ca7641011eace69d32209215a9b56f'
[    5.463145] zswap: loaded using pool lzo/zbud
[    5.467637] Key type trusted registered
[    5.475951] Key type encrypted registered
[    5.477547] AppArmor: AppArmor sha1 policy hashing enabled
[    5.494229] ima: No TPM chip found, activating TPM-bypass!
[    5.496160] ima: Allocated hash algorithm: sha1
[    5.499994] evm: HMAC attrs: 0x1
[    5.501826]   Magic number: 6:835:626
[    5.505084] rtc_cmos rtc_cmos: setting system clock to 2018-10-17 09:38:23 UTC (1539769103)
[    5.511102] BIOS EDD facility v0.16 2004-Jun-25, 0 devices found
[    5.522703] EDD information not available.
[    5.527565] Freeing unused kernel memory: 1528K
[    5.539254] Write protecting the kernel read-only data: 14336k
[    5.546627] Freeing unused kernel memory: 1672K
[    5.553459] Freeing unused kernel memory: 92K
Loading, please wait...
starting version 229
[    5.580356] random: systemd-udevd: uninitialized urandom read (16 bytes read, 3 bits of entropy available)
[    5.581085] random: udevadm: uninitialized urandom read (16 bytes read, 3 bits of entropy available)
[    5.581110] random: udevadm: uninitialized urandom read (16 bytes read, 3 bits of entropy available)
[    5.593412] random: udevadm: uninitialized urandom read (16 bytes read, 3 bits of entropy available)
[    5.593459] random: udevadm: uninitialized urandom read (16 bytes read, 3 bits of entropy available)
[    5.593591] random: udevadm: uninitialized urandom read (16 bytes read, 3 bits of entropy available)
[    5.593639] random: udevadm: uninitialized urandom read (16 bytes read, 3 bits of entropy available)
[    5.593688] random: udevadm: uninitialized urandom read (16 bytes read, 3 bits of entropy available)
[    5.593735] random: udevadm: uninitialized urandom read (16 bytes read, 3 bits of entropy available)
[    5.593779] random: udevadm: uninitialized urandom read (16 bytes read, 3 bits of entropy available)
[    5.848202] Fusion MPT base driver 3.04.20
[    5.859460] Copyright (c) 1999-2008 LSI Corporation
[    5.862725] e1000: Intel(R) PRO/1000 Network Driver - version 7.3.21-k8-NAPI
[    5.866149] e1000: Copyright (c) 1999-2006 Intel Corporation.
[    5.892368] AVX2 version of gcm_enc/dec engaged.
[    5.894358] AES CTR mode by8 optimization enabled
[    5.899516] Fusion MPT SPI Host driver 3.04.20
[    6.043477] input: ImExPS/2 Generic Explorer Mouse as /devices/platform/i8042/serio1/input/input4
[    6.334229] e1000 0000:00:03.0 eth0: (PCI:33MHz:32-bit) 02:28:89:27:00:51
[    6.351480] e1000 0000:00:03.0 eth0: Intel(R) PRO/1000 Network Connection
[    6.833403] e1000 0000:00:08.0 eth1: (PCI:33MHz:32-bit) 08:00:27:46:58:ec
[    6.848642] e1000 0000:00:08.0 eth1: Intel(R) PRO/1000 Network Connection
[    6.856707] e1000 0000:00:08.0 enp0s8: renamed from eth1
[    6.866509] mptbase: ioc0: Initiating bringup
[    6.876414] e1000 0000:00:03.0 enp0s3: renamed from eth0
[    6.951922] ioc0: LSI53C1030 A0: Capabilities={Initiator}
[    7.138111] scsi host2: ioc0: LSI53C1030 A0, FwRev=00000000h, Ports=1, MaxQ=256, IRQ=20
[    7.265124] scsi 2:0:0:0: Direct-Access     VBOX     HARDDISK         1.0  PQ: 0 ANSI: 5
[    7.303529] scsi target2:0:0: Beginning Domain Validation
[    7.312345] scsi target2:0:0: Domain Validation skipping write tests
[    7.314288] scsi target2:0:0: Ending Domain Validation
[    7.316812] scsi target2:0:0: asynchronous
[    7.319305] scsi 2:0:1:0: Direct-Access     VBOX     HARDDISK         1.0  PQ: 0 ANSI: 5
[    7.321939] scsi target2:0:1: Beginning Domain Validation
[    7.328314] scsi target2:0:1: Domain Validation skipping write tests
[    7.345792] scsi target2:0:1: Ending Domain Validation
[    7.353948] scsi target2:0:1: asynchronous
[    7.373919] sd 2:0:0:0: [sda] 20971520 512-byte logical blocks: (10.7 GB/10.0 GiB)
[    7.376490] sd 2:0:0:0: Attached scsi generic sg0 type 0
[    7.378564] sd 2:0:0:0: [sda] Write Protect is off
[    7.380648] sd 2:0:0:0: [sda] Incomplete mode parameter data
[    7.392118] sd 2:0:0:0: [sda] Assuming drive cache: write through
[    7.396908] sd 2:0:1:0: Attached scsi generic sg1 type 0
[    7.396919] sd 2:0:1:0: [sdb] 20480 512-byte logical blocks: (10.5 MB/10.0 MiB)
[    7.397238] sd 2:0:1:0: [sdb] Write Protect is off
[    7.397575] sd 2:0:1:0: [sdb] Incomplete mode parameter data
[    7.397578] sd 2:0:1:0: [sdb] Assuming drive cache: write through
[    7.399939]  sda: sda1
[    7.400937] sd 2:0:0:0: [sda] Attached SCSI disk
[    7.400994] sd 2:0:1:0: [sdb] Attached SCSI disk
Begin: Loading essential drivers ... [    8.846676] md: linear personality registered for level -1
[    8.864977] md: multipath personality registered for level -4
[    8.882805] md: raid0 personality registered for level 0
[    8.890623] md: raid1 personality registered for level 1
[    8.978748] raid6: sse2x1   gen()  8139 MB/s
[    9.054465] raid6: sse2x1   xor()  6373 MB/s
[    9.139057] raid6: sse2x2   gen()  9708 MB/s
[    9.214679] raid6: sse2x2   xor()  6860 MB/s
[    9.286974] raid6: sse2x4   gen() 11860 MB/s
[    9.371022] raid6: sse2x4   xor()  8214 MB/s
[    9.450593] raid6: avx2x1   gen() 15838 MB/s
[    9.522727] raid6: avx2x2   gen() 18832 MB/s
[    9.594683] raid6: avx2x4   gen() 20772 MB/s
[    9.612301] raid6: using algorithm avx2x4 gen() 20772 MB/s
[    9.617579] raid6: using avx2x2 recovery algorithm
[    9.634145] xor: automatically using best checksumming function:
[    9.682532]    avx       : 23456.000 MB/sec
[    9.696878] async_tx: api initialized (async)
[    9.709413] md: raid6 personality registered for level 6
[    9.723550] md: raid5 personality registered for level 5
[    9.735751] md: raid4 personality registered for level 4
[    9.761783] md: raid10 personality registered for level 10
done.
Begin: Running /scripts/init-premount ... done.
Begin: Mounting root file system ... Begin: Running /scripts/local-top ... done.
Begin: Running /scripts/local-premount ... [    9.807298] Btrfs loaded
Scanning for Btrfs filesystems
done.
Warning: fsck not present, so skipping root file system
[    9.885765] EXT4-fs (sda1): mounted filesystem with ordered data mode. Opts: (null)
done.
Begin: Running /scripts/local-bottom ... done.
Begin: Running /scripts/init-bottom ... done.
[   10.165044] systemd[1]: systemd 229 running in system mode. (+PAM +AUDIT +SELINUX +IMA +APPARMOR +SMACK +SYSVINIT +UTMP +LIBCRYPTSETUP +GCRYPT +GNUTLS +ACL +XZ -LZ4 +SECCOMP +BLKID +ELFUTILS +KMOD -IDN)
[   10.191478] systemd[1]: Detected virtualization oracle.
[   10.208118] systemd[1]: Detected architecture x86-64.

Welcome to [1mUbuntu 16.04.5 LTS[0m!

[   10.224178] systemd[1]: Set hostname to <ubuntu>.
[   10.237822] systemd[1]: Initializing machine ID from random generator.
[   10.248781] systemd[1]: Installed transient /etc/machine-id file.
[   10.666973] systemd[1]: Started Forward Password Requests to Wall Directory Watch.
[[0;32m  OK  [0m] Started Forward Password Requests to Wall Directory Watch.
[   10.695367] systemd[1]: Set up automount Arbitrary Executable File Formats File System Automount Point.
[[0;32m  OK  [0m] Set up automount Arbitrary Executab...ats File System Automount Point.
[   10.712987] systemd[1]: Reached target User and Group Name Lookups.
[[0;32m  OK  [0m] Reached target User and Group Name Lookups.
[   10.752166] systemd[1]: Started Trigger resolvconf update for networkd DNS.
[[0;32m  OK  [0m] Started Trigger resolvconf update for networkd DNS.
[   10.770825] systemd[1]: Listening on Device-mapper event daemon FIFOs.
[[0;32m  OK  [0m] Listening on Device-mapper event daemon FIFOs.
[   10.811953] systemd[1]: Created slice User and Session Slice.
[[0;32m  OK  [0m] Created slice User and Session Slice.
[   10.828914] systemd[1]: Listening on udev Kernel Socket.
[[0;32m  OK  [0m] Listening on udev Kernel Socket.
[   10.851852] systemd[1]: Reached target System Time Synchronized.
[[0;32m  OK  [0m] Reached target System Time Synchronized.
[   10.861292] systemd[1]: Created slice System Slice.
[[0;32m  OK  [0m] Created slice System Slice.
[   10.879380] systemd[1]: Reached target Slices.
[[0;32m  OK  [0m] Reached target Slices.
[   10.888678] systemd[1]: Created slice system-serial\x2dgetty.slice.
[[0;32m  OK  [0m] Created slice system-serial\x2dgetty.slice.
[   10.920827] systemd[1]: Reached target Encrypted Volumes.
[[0;32m  OK  [0m] Reached target Encrypted Volumes.
[   10.929614] systemd[1]: Listening on Journal Audit Socket.
[[0;32m  OK  [0m] Listening on Journal Audit Socket.
[   10.938315] systemd[1]: Reached target Swap.
[[0;32m  OK  [0m] Reached target Swap.
[   10.942378] systemd[1]: Listening on LVM2 poll daemon socket.
[[0;32m  OK  [0m] Listening on LVM2 poll daemon socket.
[   10.947210] systemd[1]: Listening on Journal Socket.
[[0;32m  OK  [0m] Listening on Journal Socket.
[   10.974937] systemd[1]: Starting Create list of required static device nodes for the current kernel...
         Starting Create list of required st... nodes for the current kernel...
[   11.003590] systemd[1]: Mounting POSIX Message Queue File System...
         Mounting POSIX Message Queue File System...
[   11.087035] systemd[1]: Starting Remount Root and Kernel File Systems...
[   11.092975] EXT4-fs (sda1): re-mounted. Opts: (null)
         Starting Remount Root and Kernel File Systems...
[   11.207610] systemd[1]: Starting Load Kernel Modules...
[   11.228216] Loading iCSI transport class v2.070.

         Startin[   11.336245] random: nonblocking pool is initialized
g Load Kernel Modules...
[   11.341522] systemd[1]: Starting Nameserver information manager...
         Starting Nameserver information manager[   11.365190] iscsi: registered transport (tcp)
...
[   11.375500] systemd[1]: Mounting Debug File System...
         Mounting Debug File System...
[   11.383927] systemd[1]: Starting Uncomplicated firewall...
         Starting Uncomplicated firewall...
[   11.410512] systemd[1]: Listening on LVM2 metadata daemon socket.
[[0;32m  OK  [0m] Listening on LVM2 metadata daemon socket.
[   11.436265] iscsi: registered transport (iser)
[   11.439310] systemd[1]: Starting Monitoring of LVM2 mirrors, snapshots etc. using dmeventd or progress polling...
         Starting Monitoring of LVM2 mirrors... dmeventd or progress polling...
[   11.490881] systemd[1]: Starting Set console keymap...
         Starting Set console keymap...
[   11.501610] systemd[1]: Listening on udev Control Socket.
[[0;32m  OK  [0m] Listening on udev Control Socket.
[   11.539423] systemd[1]: Listening on Syslog Socket.
[[0;32m  OK  [0m] Listening on Syslog Socket.
[   11.555432] systemd[1]: Listening on Journal Socket (/dev/log).
[[0;32m  OK  [0m] Listening on Journal Socket (/dev/log).
[   11.599714] systemd[1]: Starting Journal Service...
         Starting Journal Service...
[   11.623230] systemd[1]: Listening on /dev/initctl Compatibility Named Pipe.
[[0;32m  OK  [0m] Listening on /dev/initctl Compatibility Named Pipe.
[   11.679029] systemd[1]: Mounting Huge Pages File System...
         Mounting Huge Pages File System...
[   11.756930] systemd[1]: Mounted Debug File System.
[[0;32m  OK  [0m] Mounted Debug File System.
[   11.769756] systemd[1]: Mounted POSIX Message Queue File System.
[[0;32m  OK  [0m] Mounted POSIX Message Queue File System.
[   11.795416] systemd[1]: Mounted Huge Pages File System.
[[0;32m  OK  [0m] Mounted Huge Pages File System.
[   11.832066] systemd[1]: Started Journal Service.
[[0;32m  OK  [0m] Started Journal Service.
[[0;32m  OK  [0m] Started Create list of required sta...ce nodes for the current kernel.
[[0;32m  OK  [0m] Started Remount Root and Kernel File Systems.
[[0;32m  OK  [0m] Started Load Kernel Modules.
[[0;32m  OK  [0m] Started Uncomplicated firewall.
[[0;32m  OK  [0m] Started Set console keymap.
[[0;32m  OK  [0m] Started Nameserver information manager.
[[0;32m  OK  [0m] Started LVM2 metadata daemon.
         Starting Apply Kernel Variables...
         Mounting FUSE Control File System...
         Starting Load/Save Random Seed...
         Starting udev Coldplug all Devices...
         Starting Create Static Device Nodes in /dev...
         Starting Flush Journal to Persistent Storage...
[[0;32m  OK  [0m] Mounted FUSE Control File System.
[[0;32m  OK  [0m] Started Monitoring of LVM2 mirrors,...ng dmeventd or progress polling.
[[0;32m  OK  [0m] Started Apply Kernel Variables.
[[0;32m  OK  [0m] Started Load/Save Random Seed.
[[0;32m  OK  [0m] Started Create Static Device Nodes in /dev.
[[0;32m  OK  [0m] Started udev Coldplug all Devices.
[[0;32m  OK  [0m] Started Flush Journal to Persistent Storage.
         Starting udev Kernel Device Manager...
[[0;32m  OK  [0m] Started udev Kernel Device Manager.
[[0;32m  OK  [0m] Started Dispatch Password Requests to Console Directory Watch.
[[0;32m  OK  [0m] Reached target Local File Systems (Pre).
[[0;32m  OK  [0m] Reached target Local File Systems.
         Starting Create Volatile Files and Directories...
         Starting Set console font and keymap...
         Starting LSB: AppArmor initialization...
         Starting Tell Plymouth To Write Out Runtime Data...
         Starting Commit a transient machine-id on disk...
         Starting Initial cloud-init job (pre-networking)...
[[0;32m  OK  [0m] Started Create Volatile Files and Directories.
[[0;32m  OK  [0m] Started Tell Plymouth To Write Out Runtime Data.
[[0;32m  OK  [0m] Started Commit a transient machine-id on disk.
         Starting Update UTMP about System Boot/Shutdown...
[[0;32m  OK  [0m] Started Update UTMP about System Boot/Shutdown.
[[0;32m  OK  [0m] Found device /dev/ttyS0.
[[0;32m  OK  [0m] Listening on Load/Save RF Kill Switch Status /dev/rfkill Watch.
[[0;32m  OK  [0m] Started LSB: AppArmor initialization.
[[0;32m  OK  [0m] Started Set console font and keymap.
[[0;32m  OK  [0m] Created slice system-getty.slice.
[   11.843922] [cloud-init[0;32m  OK  [0m[496]: ] Cloud-init v. 18.3-9-g2e62cb8a-0ubuntu1~16.04.2 running 'init-local' at Wed, 17 Oct 2018 09:38:31 +0000. Up 11.36 seconds.Started Initial cloud-init job (pre-networking).

[[0;32m  OK  [0m] Reached target Network (Pre).
         Starting Raise network interfaces...
[[0;32m  OK  [0m] Started Raise network interfaces.
         Starting Initial cloud-init job (metadata service crawler)...
[[0;32m  OK  [0m] Reached target Network.
[   13.719059] cloud-init[943]: Cloud-init v. 18.3-9-g2e62cb8a-0ubuntu1~16.04.2 running 'init' at Wed, 17 Oct 2018 09:38:33 +0000. Up 12.68 seconds.
[   13.742448] cloud-init[943]: ci-info: +++++++++++++++++++++++++++++++++++++Net device info++++++++++++++++++++++++++++++++++++++
[   13.747673] cloud-init[943]: ci-info: +--------+-------+--------------------------+---------------+--------+-------------------+
[   13.800565] cloud-init[943]: ci-info: | Device |   Up  |         Address          |      Mask     | Scope  |     Hw-Address    |
[   13.800984] cloud-init[943]: [ci-info: +--------+-------+--------------------------+---------------+--------+-------------------+[0;32m  OK  [0m
] Started Initial cloud-init job (metadata service crawler).
[   13.801725] cloud-init[943]: ci-info: | enp0s3 |  True |        10.0.2.15         | 255.255.255.0 | global | 02:28:89:27:00:51 |
[   13.908536] cloud-init[943]: ci-info: | enp0s3 |  True | fe80::28:89ff:fe27:51/64 |       .       |  link  | 02:28:89:27:00:51 |
[   13.909448] cloud-init[943]: ci-info: | enp0s8 | False |            .             |       .       |   .    | 08:00:27:46:58:ec |
[   13.911241] cloud-init[943]: ci-info: |   lo   |  True |        127.0.0.1         |   255.0.0.0   |  host  |         .         |
[   13.913036] cloud-init[943]: ci-info: |   lo   |  True |         ::1/128          |       .       |  host  |         .         |
[   13.916110] cloud-init[943]: ci-info: +--------+-------+--------------------------+---------------+--------+-------------------+
[[0;32m  OK  [0m] Reached target System Initialization.
[[0;32m  OK  [0m] Listening on UUID daemon activation socket.
[   13.918197] cloud-init[943]: ci-info: +++++++++++++++++++++++++++Route IPv4 info++++++++++++++++++++++++++++
[   14.072040] cloud-init[943]: ci-info: +-------+-------------+----------+---------------+-----------+-------+
[[0;32m  OK  [0m] Listening on ACPID Listen Socket.
[   14.072641] cloud-init[943]: ci-info: | Route | Destination | Gateway  |    Genmask    | Interface | Flags |
[   14.117236] cloud-init[943]: ci-info: +-------+-------------+----------+---------------+-----------+-------+
[   14.118618] cloud-init[943]: ci-info: |   0   |   0.0.0.0   | 10.0.2.2 |    0.0.0.0    |   enp0s3  |   UG  |
         Starting LXD - unix socket.
[[   14.119495] cloud-init[943]: ci-info: |   1   |   10.0.2.0  | 0.0.0.0  | 255.255.255.0 |   enp0s3  |   U   |
[   14.210430] cloud-init[943]: ci-info: +-------+-------------+----------+---------------+-----------+-------+
[0;32m  OK  [0m] Started Daily apt download activities.
[   14.214176] cloud-init[943]: ci-info: +++++++++++++++++++Route IPv6 info+++++++++++++++++++
[   14.265473] cloud-init[943]: ci-info: +-------+-------------+---------+-----------+-------+
[   14.266988] cloud-init[943]: ci-info: | Route | Destination | Gateway | Interface | Flags |
[[0;32m  OK  [0m] Listening on D-Bus System Message Bus Socket.
[[   14.271082] cloud-init[943]: ci-info: +-------+-------------+---------+-----------+-------+
[   14.350698] cloud-init[943]: ci-info: |   0   |  fe80::/64  |    ::   |   enp0s3  |   U   |
[0;32m  OK  [0m] Started Daily Cleanup of Temporary Directories.
[   14.351926] cloud-init[943]: ci-info: |   3   |   ff00::/8  |    ::   |   enp0s3  |   U   |
[   14.464837] cloud-init[943]: ci-info: +-------+-------------+---------+-----------+-------+
[   14.465693] [cloud-init[0;32m  OK  [0m[943]: ] Generating public/private rsa key pair.Started Daily apt upgrade and clean activities.

[[   14.467590] cloud-init[943]: Your identification has been saved in /etc/ssh/ssh_host_rsa_key.
[0;32m  OK  [0m] Reached target Timers.
[   14.487831] cloud-init[943]: Your public key has been saved in /etc/ssh/ssh_host_rsa_key.pub.
[   14.520494] cloud-init[943]: The key fingerprint is:
[   14.521358] cloud-init[943]: SHA256:n183HXDMc/jJKL7t+9o72aNnkIdu/Gdz6ZRDR3leT6E root@ubuntu-xenial
[[0;32m  OK  [0m] Started ACPI Events Check.
[   14.522510] cloud-init[943]: The key's randomart image is:
[[0;32m  OK  [0m] Reached target Paths.
         [   14.575004] Starting Socket activation for snappy daemon.cloud-init
[943]: +---[RSA 2048]----+
[[0;32m  OK  [0m] Reached target Cloud-config availability.
[   14.610801] cloud-init[943]: |               . |
[[   14.640731] cloud-init[943]: |              +.o|
[   14.642329] cloud-init[943]: |             E.**|
[0;32m  OK  [0m] Reached target Network is Online.
[   14.643372] cloud-init[943]: |              ==B|
[   14.671129] cloud-init[943]: |        S  . .o==|
[   14.675768] cloud-init[943]: |         ....+..=|
[   14.696618] cloud-init[943]: |          o.o +=*|
[   14.697175] cloud-init[943]: |           .o=oXB|
[   14.699624] cloud-init[943]: |           .+*XBB|
         Starting iSCSI initiator daemon (iscsid)...
[[   14.700256] cloud-init[943]: +----[SHA256]-----+
[   14.722830] cloud-init[943]: Generating public/private dsa key pair.
[0;32m  OK  [0m] Listening on LXD - unix socket.
[[   14.724940] cloud-init[943]: Your identification has been saved in /etc/ssh/ssh_host_dsa_key.
[   14.754035] cloud-init[943]: Your public key has been saved in /etc/ssh/ssh_host_dsa_key.pub.
[0;32m  OK  [0m] Listening on Socket activation for snappy daemon.
[   14.754796] cloud-init[943]: The key fingerprint is:
[   14.861635] cloud-init[943]: SHA256:A9bP/o/lZphd5uw75h07u5SCwX3SSdt6cB1iJRTYklA root@ubuntu-xenial
[   14.876988] cloud-init[943]: The key's randomart image is:
[   14.889443] cloud-init[943]: +---[DSA 1024]----+
[   14.890029] cloud-init[943]: |         .oE=+.. |
[[   14.890880] cloud-init[943]: |       .   + .o  |
[   14.891201] cloud-init[943]: |      o .   .o o |
[   14.891251] cloud-init[943]: |     . . o. o + *|
[   14.891291] cloud-init[943]: |        S oo o.=+|
[   14.891327] cloud-init[943]: |         o  o o++|
[   14.891363] cloud-init[943]: |          .. =oO.|
[   14.891400] cloud-init[943]: |           .o+*=*|
[   14.891436] cloud-init[943]: |            o+=BO|
[   14.891476] cloud-init[943]: +----[SHA256]-----+
[   14.891512] cloud-init[943]: Generating public/private ecdsa key pair.
[0;32m  OK  [0m] Reached target Sockets.
[   14.891548] cloud-init[943]: Your identification has been saved in /etc/ssh/ssh_host_ecdsa_key.
[   15.142232] cloud-init[943]: Your public key has been saved in /etc/ssh/ssh_host_ecdsa_key.pub.
[[0;32m  OK  [0m] Reached target Basic System.
[   15.142888] cloud-init[943]: The key fingerprint is:
[   15.165806] cloud-init[943]: SHA256:TKQbpVfR9nUJ4aehSGdzXdNGudXqlB5yI8jmLRo19So root@ubuntu-xenial
[[   15.179984] cloud-init[943]: The key's randomart image is:
[   15.180797] cloud-init[943]: +---[ECDSA 256]---+
[   15.184236] cloud-init[943]: |        o oo oooB|
[   15.185603] cloud-init[943]: |       = .  = .oX|
[0;32m  OK  [0m] Started Deferred execution scheduler.
[   15.186668] cloud-init[943]: |      + oo B * B+|
[   15.231616] cloud-init[943]: |       *. X * &. |
         Starting Accounts Service...
[   15.244398] cloud-init[943]: |      . S= + X o |
         Starting Snappy daemon...
[   15.290340] cloud-init[943]: |        . E o o  |
[   15.309472] cloud-init[943]: |         o o     |
[   15.329755]          Starting Login Service...
cloud-init[943]: |        .        |
         Starting /etc/rc.local Compatibility...
[   15.336943] cloud-init[943]: |                 |
[[0;32m  OK  [0m] Started ACPI event daemon.
[   15.349180] cloud-init[943]: +----[SHA256]-----+
[   15.364668] [[0;32m  OK  [0m] Started D-Bus System Message Bus.
cloud-init[943]: Generating public/private ed25519 key pair.
[   15.390243] cloud-init[943]: Your identification has been saved in /etc/ssh/ssh_host_ed25519_key.
[   15.407567] cloud-init[943]: Your public key has been saved in /etc/ssh/ssh_host_ed25519_key.pub.
[   15.432520] [[0;32m  OK  [0m] Started Unattended Upgrades Shutdown.
cloud-init[943]: The key fingerprint is:
[   15.450223] [[0;32m  OK  [0m] Started Regular background program processing daemon.
         Starting System Logging Service...
[[0;32m  OK  [0m] Started FUSE filesystem for LXC.
cloud-init         Starting LSB: Record successful boot for GRUB...
[943]: SHA256:VtwwmTLvLXBxGOGGtoQqtvAZE1Z/yrxFOBcs5gf6gE0 root@ubuntu-xenial
         Starting Pollinate to seed the pseudo random number generator...
[   15.520301] cloud-init[943]: The key's randomart image is:
[   15.561290]          cloud-initStarting LSB: MD monitoring daemon...[943]: 
+--[ED25519 256]--+
[   15.607936]          cloud-initStarting Virtualbox guest utils...[943]: 
|    .  .. =*     |
[   15.609243] cloud-init[943]: |   .E.+o+==+.    |
         Starting LXD - container startup/shutdown...
[   15.655556] cloud-init[943]: |  o+ +=oB+=o.    |
[[0;32m  OK  [0m] Started System Logging Service.
[   15.690171] cloud-init[943]: | ...++.Oo+o      |
[[0;32m  OK  [0m] Started iSCSI initiator daemon (iscsid).
[[0;32m  OK  [0m] Started /etc/rc.local Compatibility.
[[0;32m  OK  [0m] Started Snappy daemon.
[   15.752048] cloud-init[943]: |. = .o+.S+ .     |
[   15.799022] cloud-init[943]: | + *  .+  o .    |
[   15.837929] cloud-init[943]: |  +   .    .     |
[[0;32m  OK  [0m] Started LSB: Record successful boot for GRUB.
[[0;32m  OK  [0m] Started LSB: MD monitoring daemon.
[[0;32m  OK  [0m] Started LXD - container startup/shutdown.
[   15.900197] cloud-init[943]: |                 |
[   15.961984] cloud-init[943]: |                 |
[   15.970368] cloud-init[943]: +----[SHA256]-----+
[[0;32m  OK  [0m] Started Login Service.
         Starting Authenticate and Authorize Users to Run Privileged Tasks...
         Starting Wait until snapd is fully seeded...
         Starting Login to default iSCSI targets...
[[0;32m  OK  [0m] Started Virtualbox guest utils.
[[0;32m  OK  [0m] Started Authenticate and Authorize Users to Run Privileged Tasks.
[[0;32m  OK  [0m] Started Accounts Service.
[[0;32m  OK  [0m] Started Login to default iSCSI targets.
[[0;32m  OK  [0m] Reached target Remote File Systems (Pre).
[[0;32m  OK  [0m] Reached target Remote File Systems.
         Starting Permit User Sessions...
         Starting LSB: automatic crash report generation...
         Starting LSB: Set the CPU Frequency Scaling governor to "ondemand"...
         Starting LSB: daemon to balance interrupts for SMP systems...
[[0;32m  OK  [0m] Started Permit User Sessions.
         Starting Hold until boot process finishes up...
         Starting Terminate Plymouth Boot Screen...
[[0;32m  OK  [0m] Started LSB: automatic crash report generation.
[[0;32m  OK  [0m] Started LSB: Set the CPU Frequency Scaling governor to "ondemand".
[[0;32m  OK  [0m] Started Hold until boot process finishes up.
[[0;32m  OK  [0m] Started Terminate Plymouth Boot Screen.
         Starting Set console scheme...
[[0;32m  OK  [0m] Started Getty on tty1.
[[0;32m  OK  [0m] Started Serial Getty on ttyS0.
[[0;32m  OK  [0m] Reached target Login Prompts.
[[0;32m  OK  [0m] Started LSB: daemon to balance interrupts for SMP systems.
[[0;32m  OK  [0m] Started Set console scheme.
[[0;32m  OK  [0m] Started Pollinate to seed the pseudo random number generator.
         Starting OpenBSD Secure Shell server...
[[0;32m  OK  [0m] Started OpenBSD Secure Shell server.
[[0;32m  OK  [0m] Created slice User Slice of vagrant.
         Starting User Manager for UID 1000...
[[0;32m  OK  [0m] Started Session 1 of user vagrant.
[[0;32m  OK  [0m] Started User Manager for UID 1000.
[[0;32m  OK  [0m] Started Session 2 of user vagrant.

Ubuntu 16.04.5 LTS ubuntu-xenial ttyS0

ubuntu-xenial login: [   26.253514] cloud-init[1950]: Generating locales (this might take a while)...
[   27.242737] cloud-init[1950]:   en_US.UTF-8... done
[   27.244609] cloud-init[1950]: Generation complete.
[   27.729288] cloud-init[1950]: Cloud-init v. 18.3-9-g2e62cb8a-0ubuntu1~16.04.2 running 'modules:config' at Wed, 17 Oct 2018 09:38:46 +0000. Up 26.07 seconds.
ci-info: no authorized ssh keys fingerprints found for user ubuntu.
<14>Oct 17 09:38:48 ec2: 
<14>Oct 17 09:38:48 ec2: #############################################################
<14>Oct 17 09:38:48 ec2: -----BEGIN SSH HOST KEY FINGERPRINTS-----
<14>Oct 17 09:38:48 ec2: 1024 SHA256:A9bP/o/lZphd5uw75h07u5SCwX3SSdt6cB1iJRTYklA root@ubuntu-xenial (DSA)
<14>Oct 17 09:38:48 ec2: 256 SHA256:TKQbpVfR9nUJ4aehSGdzXdNGudXqlB5yI8jmLRo19So root@ubuntu-xenial (ECDSA)
<14>Oct 17 09:38:48 ec2: 256 SHA256:VtwwmTLvLXBxGOGGtoQqtvAZE1Z/yrxFOBcs5gf6gE0 root@ubuntu-xenial (ED25519)
<14>Oct 17 09:38:48 ec2: 2048 SHA256:n183HXDMc/jJKL7t+9o72aNnkIdu/Gdz6ZRDR3leT6E root@ubuntu-xenial (RSA)
<14>Oct 17 09:38:48 ec2: -----END SSH HOST KEY FINGERPRINTS-----
<14>Oct 17 09:38:48 ec2: #############################################################
-----BEGIN SSH HOST KEY KEYS-----
ecdsa-sha2-nistp256 AAAAE2VjZHNhLXNoYTItbmlzdHAyNTYAAAAIbmlzdHAyNTYAAABBBDNqfMOJmEZY5JW0DPZUpORTELg1aKRO0XAczM68DylhxAUjNPCn9nYk9/yRQjTAvP9DGwjGVk4/UhPJLmfXyzU= root@ubuntu-xenial
ssh-ed25519 AAAAC3NzaC1lZDI1NTE5AAAAIPSTM6w+S1O89Q88mGK+RWumLCqr5K2yZnp7QG5cSmHh root@ubuntu-xenial
ssh-rsa AAAAB3NzaC1yc2EAAAADAQABAAABAQC/IZ2Sl0wLNbRqN66lba9VRoFGXNG5A9ypWTkezI/Pd1+7tCQNFC6jsDZZ4OTFl6w2qW13NOfvA3qpbrE+Ce1b10aCe0EgDUCBXx0AyPkoUsZfn8663BEMjubngz8vUOBtjoB7iHfJP9AY3Wf4H8LSskly5PYjejQx63KmDAq/XFx97W7NgHRSq53q7nRA3Q3bMrzOl2hkamE40wjR+1piPkJ5Me3GUQdDGHTzz23iXwZqpNMAwK78mmVH8Rf0wunJZ3IqhSPd1dKPD7lE66XAlU5kHO5/ZdPOsVh8qNJ9DnaSQgLB68CuPoImPI8+f3w/Nm/PXpdKjIX5P1TjW0H3 root@ubuntu-xenial
-----END SSH HOST KEY KEYS-----
[   28.246352] cloud-init[2038]: Cloud-init v. 18.3-9-g2e62cb8a-0ubuntu1~16.04.2 running 'modules:final' at Wed, 17 Oct 2018 09:38:48 +0000. Up 28.05 seconds.
[   28.246823] cloud-init[2038]: ci-info: no authorized ssh keys fingerprints found for user ubuntu.
[   28.246957] cloud-init[2038]: Cloud-init v. 18.3-9-g2e62cb8a-0ubuntu1~16.04.2 finished at Wed, 17 Oct 2018 09:38:48 +0000. Datasource DataSourceNoCloud [seed=/dev/sdb][dsmode=net].  Up 28.23 seconds
