[    0.000000] Initializing cgroup subss cpuset
[    0.000000] Initializin cgroup subsys cpu
[    0.000000] Initialiing cgroup subsys cpuacct
[    0.00000] Linux version 4.4.0-137-generic (buildd@lgw01-amd64-037) (gcc version5.4.0 20160609 (Ubuntu 5.4.0-6ubuntu1~16.04.10) ) #163-UbuntuMP Mon Sep 24 3:14:43 UTC 2018 (Ubuntu 4.4.0-137.163-generic 4.4.144)
[    0.000000] Command line: BOOT_IMAGE=/bot/vlinuz-4.4.0-137-generic root=LABEL=cloudimg-rootfs ro console=tty1 console=ttyS0
[    0.000000] KERNEL supported cpus:
[    0.000000]   Intel GenuineIntel
[    0.00000]   AMD AuthenticAMD
[   0.000000]   Centaur CentaurHauls
[    0.000000] x86/fpu: xstate_offset[2]:  576, xstate_sizes[2]:  256
[    0.000000] x86/fpu: Supporting XSAVE feature 0x01: 'x87 floating point registers'
[    0.000000] x86/fpu: Supporting XSAVE feature 0x02: 'SSE registers'
[    0.000000] x6/fpu: Supporting XSAV feature 0x04: 'AVX registers'
[   0.000000]x86/fpu: Enabled xstate features 0x7, context size is 832 bytes, using 'standard' format.
[    0.000000] e820: BOS-povide physical RAM map:
[    0.000000] BIOS-e820: [mem 0x000000000000000-0x000000000009fbff] usable
[    0.000000] BIO-e820: [mem 0x000000000009fc00-0x000000000009ffff] reserved
[    0.000000] BIOS-e820: [mem 0x00000000000f0000-0x00000000000fffff] reserved
[    0.000000] BIOS-e820: [mem 0x0000000000100000-0x000000003ffeffff] usale
    0000000] BIOS-e820: [mem 0x000000003fff0000-0x000000003fffffff] ACPI data
[    0.000000] BIOS-e820: [mem 0x00000000fec00000-0x00000000fec00fff]reserved
[    .00000] BIOS-e820: [mem 0x0000000fee0000-x00000000fee00fff] reserved
[    0.000000] BIOS-e820: [mem 0x00000000fffc0000-0x00000000ffffffff] reserved
[    0.000000] NX (Execute Disabe) protection: active
[    0.000000] SMBIOS 2.5 present.
[    0.000000] Hypervisor detected: KVM
    0.000000]e820: last_pfn = 0x3fff0 max_arch_pfn = 0x400000000
[    0.000000] MTRR: Disabled
[    0.000000] x86/PAT: MTRRs disabled, skipping PAT initializaton too.
[    0.000000] CPU MTRRs all blank - virtualized system.
[    .000000] x86/PAT: Configuration [0-7]: WB  WT  UC- UC  WB  WT  UC- UC  
[    0.000000] found MP MP-table at [mem 0x0009fff0-0x0009fff] mapped at [ffff88000009ff0]
    0.000000] Scanning 1 areas for low memory orrution
[    .000000] RAMDISK: [mem 0x3630e000-0x3717efff]
[    0.000000] ACPI: Early table checksum verification disabled
[    0.000000] ACPI: RSDP 0x00000000000E0000 000024 (v02 VBOX  )
[    0.000000] ACPI: XSDT 0x000000003FFF0030 00003C (v01 VBOX   VBOXXSDT 00000001 ASL  00000061)
[    0.000000] ACPI: FACP 0x000000003FFF00F0 0000F4 (v04 VBOX   VBOXFACP 00000001 ASL  00000061)
[    0.000000] ACPI: DSDT 0x000000003FF04700021FF (v02 VBOX   VBOXBIOS 0000002 INTL 20100528)
[    0.000000] CPI:FACS 0x000000003FFF0200 000040
[    .00000] CPI: FACS 0x000000003FFF0200 000040
[    0.000000] ACPI: APIC 0x0000003FFF240 00005C (v02 VBOX   VBOXAPIC 00000001 ASL  00000061)
[    0.000000] ACPI: SSDT 0x0000003FFF02A0 0001C (v01 VBOX   VBOXCPUT 00000002 INTL 20100528)
[    0.000000] No NUMA configuration found
[    0.000000] Faking a node at [mem 0x000000000000000-0x000000003ffeffff]
[    0.000000] NODE_DATA(0) allocated [mem 0x3ffeb000-0x3ffeffff]
[    0.000000] kvm-clock: Using msrs 4b564d01 an 4b564d00
[    0.00000] kvm-clock: pu 0, msr 0:ffe3001, primary cpu clock
[    0.000000] kvm-clock: using sche offet o 5616803937 cycles
[   0.00000] clocksource: kvm-clock: mask: 0xffffffffffffffff max_cycles: 0x1cd42e4dffb, max_idle_ns: 881590591483 ns
[   0.000000] Zone ranges:
[    0.000000]   DMA      [mem 0x0000000000001000-0x0000000000ffffff]
[    0.000000]   DMA32    [mem 0x0000000001000000-0x000000003ffeffff]
[    0.000000]   Normal   empty
[    0.000000]   Device   empty
[   0.000000] Movable zone start for each node
[    0.000000] Earrly memory node ranges
[    0.000000]   node   0: [mem 0x00000000000100-0x0000000009efff]
[    0.000000]   node   0: [mem 0x00000000000100000-0x000000003ffeffff]
[    0.000000] Initmem setup node 0 [mem 0x0000000000001000-0x000000003ffeffff]
[    0.000000] ACPI: PM-Timer IO Port: 0x4008
[    0.0000] IOAPIC[0]: apic_id 2, version 32, address 0xfec00000, GSI 0-23
[    0.00000] API: INT_SRC_OVR (bus 0 bus_irq 0 global_irq 2 dfl dfl)
[    0.000000] CPI:INT_SRC_OVR (bus 0 bus_irq 9 global_irq 9 low level)
[    0.000000] Using ACPI (MADT) for SM configuration information
[    0.000000] smpboot: Allowing 2 CPUs 0 hotplug CPUs
[    0.000000] PM: Registered nosave memory: [mem 0x000000-0x00000fff]
[    0.000000] PM: egistered nosave memory: mem 0x009f000-0x0009ffff]
[    0.000000]PM: Registred nosave memory: [mem x000a0000-0x000effff]
[    0.00000] PM: Registered nosave memory: [mem 0x000f0000-0x000fffff]
[    0.00000] e820: [me0x40000000-xfebfffff] aailable for PCI dvices
[    0.000000] Booting paravirtualized kernel on KVM
[   0.000000] locksource: refined-jifies: mask: 0xffffffff max_cycles: 0xffffffff, max_idle_ns: 7645519600211568 ns
[    0.00000] setup_percpu: NR_CPUS:512 nr_cpumask_bits:512 nr_cpu_ids2 nr_node_ds:1
[    0.000000] PERCPU: Embeded 34 pages/cpu @ffff88003fc00000 s99608 r8192 d31464u10485576
[  000000] PV qspinlock hash table entries: 256 (order: 0, 096 bytes)
[    .000000] Built1 zonelists in Nde order, mobilit grouping on.  Total pages: 257912
[    0.000000] Policy zone: DMA32
[    0.000000] Kernel command line: BOOT_IMAGE=/boot/vmlinuz-4.4.0-137-genericoot=LABEL=cloudimg-rootfs ro console=tty1 console=ttyS0
[    0.000000] PID hash table entries: 4096 (order: 3, 32768 bytes)
[    0.000000] Memory: 997716K/1048120K available (8555K kernel code, 1314K rwdata, 4004K rodata,1528K init, 1316K bss, 50404K reserved, 0K cma-reserved)
[    0.000000] SLUB: HWalign=64, Order=0-3, MinObjects=0, CPUs=, Nodes=1
[    0.00000] Kernel/User page tables isolation: enabled
[    0.000000] Hierarchical RCU imemenation.
[    0.000000] 	Build-time adjustment  leaf fanout to 64.
[    0.000000] 	RCU restricting CPUs fromNR_CPUS=512 to nr_cpu_ids=2.
[    0.0000] RCU: Adjusting geometr for rcu_fanout_leaf=64, nr_cpu_ids=2
[    .000000] NR_IRQ:33024 nr_irqs:440 16
[    0.000000] Consoe: colour VGA+80x25
[    .000000] console [tty1] enabled
[    0.000000] console [ttyS0] enabled
[    0.000000] tsc:Detected 1799.999 MHz processor
[    3.155904] Calibrating delay loop (skipped) preset value.. 3599.99 BogoMIPS (lpj=7199996)
[    3.178961] pid_max: default: 32768 minimum: 301
[    3.195101] ACPI: Core revision 20150930
[    3.198675] ACPI: 2 ACPI AML tables successfully acquired and loaded
[    3.203185] Security Framework initialized
[    3.217726] Yama: becoming mindful.
[    3.228575] AppArmor: AppArmor initialized
[    3.230352] Dentry cache hash table entries: 131072 (order: 8, 1048576 bytes)
[    3.241885] Inode-cache hash table entries: 65536 (order: 7, 524288 bytes)
[    3.250546] Mount-cache hash table entries: 2048 (order: 2, 16384 bytes)
[    3.265778] Mountpoint-cache hash table entries: 2048 (order: 2, 16384 bytes)
[    3.271306] Initializing cgroup subsys io
[    3.278736] Initializing cgroup subsys memory
[    3.280706] Initializing cgroup subsys devices
[    3.299317] Initializing cgroup subsys freezer
[    3.300996] Initializing cgroup subsys net_cls
[    3.302624] Initializing cgroup subsys perf_event
[    3.313571] Initializing cgroup subsys net_prio
[    3.333700] Initializing cgroup subsys hugetlb
[    3.335844] Initializing cgroup subsys pids
[    3.339877] mce: CPU supports 0 MCE banks
[    3.345457] Last level iTLB entries: 4KB 64, 2MB 8, 4MB 8
[    3.357252] Last level dTLB entries: 4KB 64, 2MB 0, 4MB 0, 1GB 4
[    3.373442] Spectre V2 : Mitigation: Full generic retpoline
[    3.377213] Spectre V2 : Spectre v2 mitigation: Speculation control IBPB not-supported IBRS not-supported
[    3.397627] Spectre V2 : Spectre v2 / SpectreRSB mitigation: Filling RSB on context switch
[    3.413412] Speculative Store Bypass: Vulnerable
[    3.422280] Freeing SMP alternatives memory: 32K
[    3.446210] ftrace: allocating 32265 entries in 127 pages
[    3.507841] smpboot: APIC(0) Converting physical 0 to logical package 0
[    3.524171] smpboot: Max logical packages: 1
[    3.537978] x2apic enabled
[    3.549309] Switched APIC routing to physical x2apic.
[    3.553166] ..TIMER: vector=0x30 apic1=0 pin1=2 apic2=-1 pin2=-1
[    3.664832] smpboot: CPU0: Intel(R) Core(TM) i5-5350U CPU @ 1.80GHz (family: 0x6, model: 0x3d, stepping: 0x4)
[    3.705647] Performance Events: unsupported p6 CPU model 61 no PMU driver, software events only.
[    3.741671] KVM setup paravirtual spinlock
[    3.744666] x86: Booting SMP configuration:
[    3.749480] .... node  #0, CPUs:      #1
[    3.765688] kvm-clock: cpu 1, msr 0:3ffe3041, secondary cpu clock
[    3.770993] mce: CPU supports 0 MCE banks
[    3.786287] x86: Booted up 1 node, 2 CPUs
[    3.793260] smpboot: Total of 2 processors activated (7199.99 BogoMIPS)
[    3.812241] devtmpfs: initialized
[    3.816123] evm: security.selinux
[    3.818009] evm: security.SMACK64
[    3.822506] evm: security.SMACK64EXEC
[    3.829172] evm: security.SMACK64TRANSMUTE
[    3.833698] evm: security.SMACK64MMAP
[    3.835357] evm: security.ima
[    3.840290] evm: security.capability
[    3.844964] clocksource: jiffies: mask: 0xffffffff max_cycles: 0xffffffff, max_idle_ns: 7645041785100000 ns
[    3.863971] futex hash table entries: 512 (order: 3, 32768 bytes)
[    3.882668] pinctrl core: initialized pinctrl subsystem
[    3.887579] RTC time: 17:53:44, date: 10/16/18
[    3.912213] NET: Registered protocol family 16
[    3.941369] cpuidle: using governor ladder
[    3.960677] cpuidle: using governor menu
[    3.969575] PCCT header not found.
[    3.977764] ACPI: bus type PCI registered
[    4.013901] acpiphp: ACPI Hot Plug PCI Controller Driver version: 0.5
[    4.068794] PCI: Using configuration type 1 for base access
[    4.118530] ACPI: Added _OSI(Module Device)
[    4.130540] ACPI: Added _OSI(Processor Device)
[    4.137468] ACPI: Added _OSI(3.0 _SCP Extensions)
[    4.141662] ACPI: Added _OSI(Processor Aggregator Device)
[    4.145077] ACPI: Executed 1 blocks of module-level executable AML code
[    4.160166] ACPI: Interpreter enabled
[    4.164709] ACPI: (supports S0 S5)
[    4.167123] ACPI: Using IOAPIC for interrupt routing
[    4.175493] PCI: Using host bridge windows from ACPI; if necessary, use "pci=nocrs" and report a bug
[    4.194833] ACPI: PCI Root Bridge [PCI0] (domain 0000 [bus 00-ff])
[    4.201024] acpi PNP0A03:00: _OSC: OS supports [ASPM ClockPM Segments MSI]
[    4.207963] acpi PNP0A03:00: _OSC: not requesting OS control; OS requires [ExtendedConfig ASPM ClockPM MSI]
[    4.218312] acpi PNP0A03:00: fail to add MMCONFIG information, can't access extended PCI configuration space under this bridge.
[    4.237325] PCI host bridge to bus 0000:00
[    4.254652] pci_bus 0000:00: root bus resource [io  0x0000-0x0cf7 window]
[    4.260241] pci_bus 0000:00: root bus resource [io  0x0d00-0xffff window]
[    4.271315] pci_bus 0000:00: root bus resource [mem 0x000a0000-0x000bffff window]
[    4.283733] pci_bus 0000:00: root bus resource [mem 0x40000000-0xfdffffff window]
[    4.299000] pci_bus 0000:00: root bus resource [bus 00-ff]
[    4.319128] pci 0000:00:01.1: legacy IDE quirk: reg 0x10: [io  0x01f0-0x01f7]
[    4.337254] pci 0000:00:01.1: legacy IDE quirk: reg 0x14: [io  0x03f6]
[    4.343231] pci 0000:00:01.1: legacy IDE quirk: reg 0x18: [io  0x0170-0x0177]
[    4.356834] pci 0000:00:01.1: legacy IDE quirk: reg 0x1c: [io  0x0376]
[    4.404547] pci 0000:00:07.0: quirk: [io  0x4000-0x403f] claimed by PIIX4 ACPI
[    4.417761] pci 0000:00:07.0: quirk: [io  0x4100-0x410f] claimed by PIIX4 SMB
[    4.448287] ACPI: PCI Interrupt Link [LNKA] (IRQs 5 9 10 *11)
[    4.476840] ACPI: PCI Interrupt Link [LNKB] (IRQs 5 9 *10 11)
[    4.485557] ACPI: PCI Interrupt Link [LNKC] (IRQs 5 *9 10 11)
[    4.493187] ACPI: PCI Interrupt Link [LNKD] (IRQs 5 9 10 *11)
[    4.496633] ACPI: Enabled 2 GPEs in block 00 to 07
[    4.503926] vgaarb: setting as boot device: PCI:0000:00:02.0
[    4.509957] vgaarb: device added: PCI:0000:00:02.0,decodes=io+mem,owns=io+mem,locks=none
[    4.519125] vgaarb: loaded
[    4.520652] vgaarb: bridge control possible 0000:00:02.0
[    4.524166] SCSI subsystem initialized
[    4.525860] ACPI: bus type USB registered
[    4.528062] usbcore: registered new interface driver usbfs
[    4.530056] usbcore: registered new interface driver hub
[    4.534616] usbcore: registered new device driver usb
[    4.540405] PCI: Using ACPI for IRQ routing
[    4.542367] NetLabel: Initializing
[    4.543792] NetLabel:  domain hash size = 128
[    4.545504] NetLabel:  protocols = UNLABELED CIPSOv4
[    4.548136] NetLabel:  unlabeled traffic allowed by default
[    4.550963] amd_nb: Cannot enumerate AMD northbridges
[    4.553168] clocksource: Switched to clocksource kvm-clock
[    4.57187] AppArmor: AppArmor Filesystem Enabled
[   4.618565] pp: PnP ACPI init
[    4.682218] pnp: PnP ACPI: found 3 devices

[  4.705579] clocksource: cpi_pm: mask: 0xfffffax_cycles: 0xffffff, max_idle_ns: 2085701024 ns
[    4.885640 NET:Registered protocol family 2
[[   450897] TCP established hash tab entrie: 892 (order: 4, 5536 bytes)
[    5.244038] TCP bind hash table entries: 8192 (order: 5 13172 bytes)
[    5.376527] TCP: Hash tables configured (established 8192 bind 8192)
[    5.381950] UDP hash table entries 512 (order: 2, 16384 byte)
[    5.452434] UDP-ite ash table entries: 51 (order: 2, 16384 bytes)
[   5.55929] NET: Registered protocol family 1
[    5.629116] pci 0000:00:00.0: Limiting direct PCI/PCI transfers
[    5.632229] pci 0000:00:01.0: Activating ISA DMA hang workarounds
[    5.634969] Unpacking initramfs...

[    5.994244] Freeing initrd memory: 14788K
[    6.003546] RAPL PMU detected, API unit is 2^-32 Joules, 4 fixed counters 10737418240 ms ovfl timer
[    6.013760] hw unit of domain pp0-core 2^-0 Joules
[    6.025502] hw unit of domain package 2^-0 Joules
[    6.027874] hw unit of domain dram 2^-0 Joules
[    6.029712] hw unit of domain pp1-gpu 2^-0 Joules
[    6.034459] platform rtc_cmos: registered platform RTC device (no PNP device found)
[    6.051234] Scanning for low memory corruption every 60 seconds
[    6.065216] audit: initializing netlink subsys (disabled)
[    6.067926] audit: type=2000 audit(1539712430.233:1): initialized
[    6.072611] Initialise system trusted keyring
[    6.081504] HugeTLB registered 2 MB page size, pre-allocated 0 pages
[    6.091765] zbud: loaded
[    6.099139] VFS: Disk quotas dquot_6.6.0
[    6.101999] VFS: Dquot-cache hash table entries: 512 (order 0, 4096 bytes)
[    6.111272] squashfs: version 4.0 (2009/01/31) Phillip Lougher
[    6.119966] fuse init (API version 7.23)
[    6.133002] Key type big_key registered
[    6.136624] Allocating IMA MOK and blacklist keyrings.
[    6.150013] Key type asymmetric registered
[    6.155643] Asymmetric key parser 'x509' registered
[    6.163441] Block layer SCSI generic (bsg) driver version 0.4 loaded (major 249)
[    6.171009] io scheduler noop registered
[    6.172797] io scheduler deadline registered (default)
[    6.184961] io scheduler cfq registered
[    6.200734] pci_hotplug: PCI Hot Plug PCI Core version: 0.5
[    6.215421] pciehp: PCI Express Hot Plug Controller Driver version: 0.4
[    6.219658] ACPI: AC Adapter [AC] (off-line)
[    6.234804] input: Power Button as /devices/LNXSYSTM:00/LNXPWRBN:00/input/input0
[    6.266163] ACPI: Power Button [PWRF]
[    6.284945] input: Sleep Button as /devices/LNXSYSTM:00/LNXSLPBN:00/input/input1
[    6.294487] ACPI: Sleep Button [SLPF]
[    6.299461] ACPI: Battery Slot [BAT0] (battery present)
[    6.305303] GHES: HEST is not enabled!
[    6.314186] Serial: 8250/16550 driver, 32 ports, IRQ sharing enabled
[    6.342032] 00:02: ttyS0 at I/O 0x3f8 (irq = 4, base_baud = 115200) is a 16550A
[    6.351927] Linux agpgart interface v0.103
[    6.410713] loop: module loaded
[    6.416976] scsi host0: ata_piix
[    6.42197]csi host1: ata_piix

[    6.528382] ata1: PATA max UDMA/33 cmd 0x1f0 ctl 0x3f6 bmdma 0xd000 irq 14
[    532707] ata2: ATA max UDMA/3 cmd 0x170 ctl 0x376 bmdma 0xd008 irq 5

[    6.678756] libphy: Fixed MDIO Bus: probed
[    6.683042] tun: Universal TUN/TAP device driver, 1.6
[    6.685010] tun: (C) 1999-2004 Max Krasnyansky <maxk@qualcomm.com>
[    6.687574] PPP generic driver version 2.4.2
[    6.690901] ehci_hcd: USB 2.0 'Enhanced' Host Controller (EHCI) Driver
[    6.704691] ehci-pci: EHCI PCI platform driver
[    6.707426] ehci-platform: EHCI generic platform driver
[    6.709522] ohci_hcd: USB 1.1 'Open' Host Controller (OHCI) Driver
[    6.720848] ohci-pci: OHCI PCI platform driver
[    6.726787] ohci-platform: OHCI generic platform driver
[    6.734395] uhci_hcd: USB Universal Host Controller Interface driver
[    6.738460] i8042: PNP: PS/2 Controller [PNP0303:PS2K,PNP0f03:PS2M] at 0x60,0x64 irq 1,12
[    6.751956] serio: i8042 KBD port at 0x60,0x64 irq 1
[    6.763269] serio: i8042 AUX port at 0x60,0x64 irq 12
[    6.769328] mousedev: PS/2 mouse device common for all mice
[    6.77205] input AT Translated Set 2 keyboard as /devices/platform/i8042/serio0/input/input2
[    6.836782] rtc_cmos rtc_cmos: rtc core: registered rtc_cmos as rtc0
[    6.839798] rtc_cmos rtc_cmos: alarms up to one day, 114 bytes nvram
[    6.846981] i2c /dev entries driver
[    6.858278] device-mapper: uevent: version 1.0.3
[    6.873742] device-mapper: ioctl: 4.34.0-ioctl (2015-10-28) initialised: dm-devel@redhat.com
[    6.889533] ledtrig-cpu: registered to indicate activity on CPUs
[    6.900721] NET: Registered protocol family 10
[    6.908235] NET: Registered protocol family 17
[    6.913150] Key type dns_resolver registered
[    6.922629] registered taskstats version 1
[    6.933111] Loading compiled-in X.509 certificates
[    6.946839] Loaded X.509 cert 'Build time autogenerated kernel key: 20acc96b50ca7641011eace69d32209215a9b56f'
[    6.967106] zswap: loaded using pool lzo/zbud
[    6.972089] Key type trusted registered
[    6.982102] Key type encrypted registered
[    6.985779] AppArmor: AppArmor sha1 policy hashing enabled
[    7.001477] ima: No TPM chip found, activating TPM-bypass!
[    7.014563] ima: Allocated hash algorithm: sha1
[    7.018273] evm: HMAC attrs: 0x1
[    7.023123]   Magic number: 6:370:896
[    7.026684] rtc_cmos rtc_cmos: setting system clock to 2018-10-16 17:53:47 UTC (1539712427)
[    7.034219] tsc: Refined TSC clocksource calibration: 1799.061 MHz
[    7.041745] clocksource: tsc: mask: 0xffffffffffffffff max_cycles: 0x19eeb29c12c, max_idle_ns: 440795240403 ns
[    7.049365] BIOS EDD facility v0.16 004-Jun-25 0 device found

[    7.138191] EDD information not available.
[    7.144499] Freeing unused kernel memory: 1528K
[    7.389539] Write protecting the kernel read-only data: 14336k
[    7.414925] Freeing unused kernel memory: 1672K
[    7.430158] Freeing unused kernel memory: 92K
Loading, please wait...
starting version 229
[    7.460480] random: systemd-udevd: uninitialized urandom read (16 bytes read, 5 bits of entropy available)
[    7.460555] random: udevadm: uninitialized urandom read (16 bytes read, 5 bits of entropy available)
[    7.460584] random: udevadm: uninitialized urandom read (16 bytes read, 5 bits of entropy available)
[    7.470134] random: udevadm: uninitialized urandom read (16 bytes read, 5 bits of entropy available)
[    7.470180] random: udevadm: uninitialized urandom read (16 bytes read, 5 bits of entropy available)
[    7.470315] random: udevadm: uninitialized urandom read (16 bytes read, 5 bits of entropy available)
[    7.470364] random: udevadm: uninitialized urandom read (16 bytes read, 5 bits of entropy available)
[    7.470414] random: udevadm: uninitialized urandom read (16 bytes read, 5 bits of entropy available)
[    7.470463] random: udevadm: uninitialized urandom read (16 bytes read, 5 bits of entropy available)
[    7.470510] random: udevadm: uninitialized urandom read (16 bytes read, 5 bits of entropy available)
[    7.644355] e1000: Intel(R) PRO/1000 Network Driver - version 7.3.21-k8-NAPI
[    7.647322] e1000: Copyright (c) 1999-2006 Intel Corporation.
[    7.652506] Fusion MPT base driver 3.04.20
[    7.654338] Copyright (c) 1999-2008 LSI Corporation
[    7.666807] Fusion MPT SPI Host driver 3.04.20
[    7.715341] AVX2 version of gcm_enc/dec engaged.
[    7.717432] AES CTR mode by8 optimization enabled
[    7.863939] input: ImExPS/2 Generic Explorer Mouse as /devices/platform/i8042/serio1/input/input4
[    8.117349] e1000 0000:00:03.0 eth0: (PCI:33MHz:32-bit) 02:28:89:27:00:51
[    8.134150] e1000 0000:00:03.0 eth0: Intel(R) PRO/1000 Network Connection
[    8.152528] mptbase: ioc0: Initiating bringup
[    8.374040] ioc0: LSI53C1030 A0: Capabilities={Initiator}
[    9.061708] scsi host2: ioc0: LSI53C1030 A0, FwRev=00000000h, Ports=1, MaxQ=256, IRQ=20
[    9.698722] scsi 2:0:0:0: Direct-Access     VBOX     HARDDISK         1.0  PQ: 0 ANSI: 5
[    9.705503] scsi target2:0:0: Beginning Domain Validation
[    9.721001] scsi target2:0:0: Domain Validation skipping write tests
[    9.729258] scsi target2:0:0: Ending Domain Validation
[    9.731012] scsi target2:0:0: asynchronous
[    9.749472] scsi 2:0:1:0: Direct-Access     VBOX     HARDDISK         1.0  PQ: 0 ANSI: 5
[    9.785289] scsi target2:0:1: Beginning Domain Validation
[    9.791074] scsi target2:0:1: Domain Validation skipping write tests
[    9.878651] scsi target2:0:1: Ending Domain Validation
[    9.887502] scsi target2:0:1: asynchronous
[    9.919818] sd 2:0:0:0: Attached scsi generic sg0 type 0
[    9.920553] sd 2:0:0:0: [sda] 20971520 512-byte logical blocks: (10.7 GB/10.0 GiB)
[    9.934990] sd 2:0:0:0: [sda] Write Protect is off
[    9.942449] sd 2:0:0:0: [sda] Incomplete mode parameter data
[    9.942452] sd 2:0:0:0: [sda] Assuming drive cache: write through
[   10.128792]  sda: sda1
[   10.129875] sd 2:0:0:0: [sda] Attached SCSI disk
[   10.269710] sd 2:0:1:0: Attached scsi generic sg1 type 0
[   10.270379] sd 2:0:1:0: [sdb] 20480 512-byte logical blocks: (10.5 MB/10.0 MiB)
[   10.270904] sd 2:0:1:0: [sdb] Write Protect is off
[   10.271162] sd 2:0:1:0: [sdb] Incomplete mode parameter data
[   10.271164] sd 2:0:1:0: [sdb] Assuming drive cache: write through
[   10.309465] sd 2:0:1:0: [sdb] Attached SCSI disk
[   10.462868] e1000 0000:00:08.0 eth1: (PCI:33MHz:32-bit) 08:00:27:c3:1c:f5
[   10.470548] e1000 0000:00:08.0 eth1: Intel(R) PRO/1000 Network Connection
[   10.483916] e1000 0000:00:03.0 enp0s3: renamed from eth0
[   10.514049] e1000 0000:00:08.0 enp0s8: renamed from eth1
Begin: Loading essential drivers ... [   12.096470] md: linear personality registered for level -1
[   12.110928] md: multipath personality registered for level -4
[   12.134903] md: raid0 personality registered for level 0
[   12.171949] md: raid1 personality registered for level 1
[   12.274589] raid6: sse2x1   gen()  3106 MB/s
[   12.357424] raid6: sse2x1   xor()  2396 MB/s
[   12.444433] raid6: sse2x2   gen()  3997 MB/s
[   12.577478] raid6: sse2x2   xor()  1360 MB/s
[   12.678095] raid6: sse2x4   gen()  4451 MB/s
[   12.761176] raid6: sse2x4   xor()  3979 MB/s
[   12.833383] raid6: avx2x1   gen()  5867 MB/s
[   12.901737] raid6: avx2x2   gen()  6051 MB/s
[   12.969615] raid6: avx2x4   gen() 10063 MB/s
[   13.018378] raid6: using algorithm avx2x4 gen() 10063 MB/s
[   13.041422] raid6: using avx2x2 recovery algorithm
[   13.129507] xor: automatically using best checksumming function:
[   13.345658]    avx       : 13033.000 MB/sec
[   13.412850] async_tx: api initialized (async)
[   13.499096] md: raid6 personality registered for level 6
[   13.509295] md: raid5 personality registered for level 5
[   13.519335] md: raid4 personality registered for level 4
[   13.542098] md: raid10 personality registered for level 10
done.
Begin: Running /scripts/init-premount ... done.
Begin: Mounting root file system ... Begin: Running /scripts/local-top ... done.
Begin: Running /scripts/local-premount ... [   13.590307] Btrfs loaded
Scanning for Btrfs filesystems
done.
Warning: fsck not present, so skipping root file system
[   13.678718] EXT4-fs (sda1): mounted filesystem with ordered data mode. Opts: (null)
done.
Begin: Running /scripts/local-bottom ... done.
Begin: Running /scripts/init-bottom ... done.
[   14.115204] systemd[1]: systemd 229 running in system mode. (+PAM +AUDIT +SELINUX +IMA +APPARMOR +SMACK +SYSVINIT +UTMP +LIBCRYPTSETUP +GCRYPT +GNUTLS +ACL +XZ -LZ4 +SECCOMP +BLKID +ELFUTILS +KMOD -IDN)
[   14.127681] systemd[1]: Detected virtualization oracle.
[   14.130164] systemd[1]: Detected architecture x86-64.

Welcome to [1mUbuntu 16.04.5 LTS[0m!

[   14.377264] syemd[1]: Set hostname o <ubuntu>.
[   14.514299] systemd[1]: Initializing machine ID from random generator.
[   14.519140] systemd[1]: Installed transient /etc/machine-id file.

[   15.029975] random: nonblocking pool is initialized
[   15.227731] systemd[1]: Listening on Sysog Socket.
[[0;32m  OK  [0m] Listening on Syslog Socket.
[   15.394457] systemd[1]: Listening on /dev/inctl Cmpatibility Named Pipe.

[[0;32m  OK  [0m] Listening on /dev/initctl Compatibility Named Pipe.
[   15.587249] systemd[1]: Started Trigger resolvconf update for networkd DNS.
[[0;32m  OK  [0m] Started Trigger resolvconf update for networkd DNS.
[   15.597097] systemd[1]: Created slie System Slice.
[[0;32m  OK  [0m] Created slice System Slice.
[   15.778034] systemd[1]: Created slice system-srialx2dgetty.slice.
[[0;32m  OK  [0m] Created slice system-serial\x2dgetty.slice.
[  16.062729] systemd[1]: Reached target Swap.
[[0;32m  OK  [0m] Reached target Swap.
[   16.183709] systemd[1]: Listening on udev Kernel Socket.
[[0;32m  OK  [0m] Listening on udev Kernel Socket.
[   16.210370] systemd[1]: Listening on Jonal Socket.
[[0;32m  OK  [0m] Listening on Journal Socket.
[   16.381065] systemd[1]: Mounting Debug File System...
         Mounting Debug File System...
[   16.389697] systemd[1]: Starting Remount Root and Kernel File Systems...
         Starting Remount Root and Kernel File Systems...
[   16.404382] EXT4-fs (sda1): re-mounted. Opts: (null)
[   16.430384] systemd[1]: Starting Load Kernel Modules...
         Starting Load Kernel Modules...
[   16.452780] systemd[1]: Starting Set console keymap...
[   16.453868] Loading iSCSI transport class v2.0-870.
         Starting Set console keymap...
[   16.485113] systemd[1]: Created slice User and Session Slice.
[[0;32m  OK  [0m] Created slic[   16.492145] iscsi: registered transport (tcp)
e User and Session Slice.
[   16.501211] systemd[1]: Listening on udev Control Socket.
[[0;32m  OK  [0m] Listening on udev Control Socket.
[   16.566006] systemd[1]: Reached target System Time Synchronized.
[   16.706783] iscsi: registered transport (iser)
[[0;32m  OK  [0m] Reached target System Time Synchronized.
[   16.799412] systemd[1]: Reached target Encrypted Volumes.
[[0;32m  OK  [0m] Reached target Encrypted Volumes.
[   16.897523] systemd[1]: Mounting POSIX Message Queue File System...
         Mounting POSIX Message Queue File System...
[   16.905261] systemd[1]: Starting Create list of required static device nodes for the current kernel...
         Starting Create list of required st... nodes for the current kernel...
[   16.936061] systemd[1]: Set up automount Arbitrary Executable File Formats File System Automount Point.
[[0;32m  OK  [0m] Set up automount Arbitrary Executab...ats File System Automount Point.
[   16.955723] systemd[1]: Listening on Journal Audit Socket.
[[0;32m  OK  [0m] Listening on Journal Audit Socket.
[   16.965833] systemd[1]: Reached target Slices.
[[0;32m  OK  [0m] Reached target Slices.
[   16.970928] systemd[1]: Started Forward Password Requests to Wall Directory Watch.
[[0;32m  OK  [0m] Started Forward Password Requests to Wall Directory Watch.
[   16.987975] systemd[1]: Listening on LVM2 poll daemon socket.
[[0;32m  OK  [0m] Listening on LVM2 poll daemon socket.
[   17.003944] systemd[1]: Reached target User and Group Name Lookups.
[[0;32m  OK  [0m] Reached target User and Group Name Lookups.
[   17.029991] systemd[1]: Starting Nameserver information manager...
         Starting Nameserver information manager...
[   17.054054] systemd[1]: Listening on Device-mapper event daemon FIFOs.
[[0;32m  OK  [0m] Listening on Device-mapper event daemon FIFOs.
[   17.067968] systemd[1]: Listening on Journal Socket (/dev/log).
[[0;32m  OK  [0m] Listening on Journal Socket (/dev/log).
[   17.085994] systemd[1]: Starting Journal Service...
         Starting Journal Service...
[   17.107443] systemd[1]: Starting Uncomplicated firewall...
         Starting Uncomplicated firewall...
[   17.134303] systemd[1]: Mounting Huge Pages File System...
         Mounting Huge Pages File System...
[   17.141293] systemd[1]: Listening on LVM2 metadata daemon socket.
[[0;32m  OK  [0m] Listening on LVM2 metadata daemon socket.
[   17.152384] systemd[1]: Starting Monitoring of LVM2 mirrors, snapshots etc. using dmeventd or progress polling...
         Starting Monitoring of LVM2 mirrors... dmeventd or progress polling...
[   17.255248] systemd[1]: Mounted Debug File System.
[[0;32m  OK  [0m] Mounted Debug File System.
[   17.278412] systemd[1]: Mounted POSIX Message Queue File System.
[[0;32m  OK  [0m] Mounted POSIX Message Queue File System.
[   17.330064] systemd[1]: Mounted Huge Pages File System.
[[0;32m  OK  [0m] Mounted Huge Pages File System.
[   17.362956] systemd[1]: Started Journal Service.
[[0;32m  OK  [0m] Started Journal Service.
[[0;32m  OK  [0m] Started Remount Root and Kernel File Systems.
[[0;32m  OK  [0m] Started Load Kernel Modules.
[[0;32m  OK  [0m] Started Set console keymap.
[[0;32m  OK  [0m] Started Create list of required sta...ce nodes for the current kernel.
[[0;32m  OK  [0m] Started Uncomplicated firewall.
[[0;32m  OK  [0m] Started Nameserver information manager.
[[0;32m  OK  [0m] Started LVM2 metadata daemon.
         Starting Create Static Device Nodes in /dev...
         Starting Apply Kernel Variables...
         Mounting FUSE Control File System...
         Starting udev Coldplug all Devices...
         Starting Load/Save Random Seed...
         Starting Flush Journal to Persistent Storage...
[[0;32m  OK  [0m] Mounted FUSE Control File System.
[[0;32m  OK  [0m] Started Create Static Device Nodes in /dev.
[[0;32m  OK  [0m] Started Apply Kernel Variables.
[[0;32m  OK  [0m] Started Load/Save Random Seed.
[[0;32m  OK  [0m] Started udev Coldplug all Devices.
[[0;32m  OK  [0m] Started Flush Journal to Persistent Storage.
         Starting udev Kernel Device Manager...
[[0;32m  OK  [0m] Started udev Kernel Device Manager.
[[0;32m  OK  [0m] Started Dispatch Password Requests to Console Directory Watch.
[[0;32m  OK  [0m] Started Monitoring of LVM2 mirrors,...ng dmeventd or progress polling.
[[0;32m  OK  [0m] Reached target Local File Systems (Pre).
[[0;32m  OK  [0m] Reached target Local File Systems.
         Starting Create Volatile Files and Directories...
         Starting LSB: AppArmor initialization...
         Starting Initial cloud-init job (pre-networking)...
         Starting Commit a transient machine-id on disk...
         Starting Set console font and keymap...
         Starting Tell Plymouth To Write Out Runtime Data...
[[0;32m  OK  [0m] Started Create Volatile Files and Directories.
[[0;32m  OK  [0m] Started Commit a transient machine-id on disk.
[[0;32m  OK  [0m] Started Tell Plymouth To Write Out Runtime Data.
[[0;32m  OK  [0m] Found device /dev/ttyS0.
[[0;32m  OK  [0m] Listening on Load/Save RF Kill Switch Status /dev/rfkill Watch.
         Starting Update UTMP about System Boot/Shutdown...
[[0;32m  OK  [0m] Started LSB: AppArmor initialization.
[[0;32m  OK  [0m] Started Update UTMP about System Boot/Shutdown.
[   16.049894] cloud-init[507]: Cloud-init v. 18.3-9-g2e62cb8a-0ubuntu1~16.04.2 running 'init-local' at Tue, 16 Oct 2018 17:54:00 +0000. Up 15.58 seconds.
[[0;32m  OK  [0m] Started Initial cloud-init job (pre-networking).
[[0;32m  OK  [0m] Reached target Network (Pre).
         Starting Raise network interfaces...
[[0;32m  OK  [0m] Started Set console font and keymap.
[[0;32m  OK  [0m] Created slice system-getty.slice.
[[0;32m  OK  [0m] Started Raise network interfaces.
         Starting Initial cloud-init job (metadata service crawler)...
[[0;32m  OK  [0m] Reached target Network.
[   18.036198] cloud-init[933]: Cloud-init v. 18.3-9-g2e62cb8a-0ubuntu1~16.04.2 running 'init' at Tue, 16 Oct 2018 17:54:01 +0000. Up 17.07 seconds.
[   18.054655] cloud-init[933]: ci-info: +++++++++++++++++++++++++++++++++++++Net device info++++++++++++++++++++++++++++++++++++++
[   18.096102] cloud-init[933]: ci-info: +--------+-------+--------------------------+---------------+--------+-------------------+
[   18.131307] cloud-init[933]: ci-info: | Device |   Up  |         Address          |      Mask     | Scope  |     Hw-Address    |
[   18.132565] cloud-init[933]: ci-info: +--------+-------+--------------------------+---------------+--------+-------------------+
[[0;32m  OK  [0m] Started Initial cloud-init job (metadata service crawler).
[   18.134434] cloud-init[933]: ci-info: | enp0s3 |  True |        10.0.2.15         | 255.255.255.0 | global | 02:28:89:27:00:51 |
[   18.188837] cloud-init[933]: ci-info: | enp0s3 |  True | fe80::28:89ff:fe27:51/64 |       .       |  link  | 02:28:89:27:00:51 |
[   18.189797] cloud-init[933]: ci-info: | enp0s8 | False |            .             |       .       |   .    | 08:00:27:c3:1c:f5 |
[[0;32m  OK  [0m] Reached target System Initialization.
[   18.190031] cloud-init[933]: ci-info: |   lo   |  True |        127.0.0.1         |   255.0.0.0   |  host  |         .         |
[   18.370417] cloud-init[933]: ci-info: |   lo   |  True |         ::1/128          |       .       |  host  |         .         |
[   18.371301] cloud-init[933]: ci-info: +--------+-------+--------------------------+---------------+--------+-------------------+
[[0;32m  OK  [0m] Listening on D-Bus System Message Bus Socket.
[   18.371952] cloud-init[933]: ci-info: +++++++++++++++++++++++++++Route IPv4 info++++++++++++++++++++++++++++
[   18.481763] cloud-init[933]: ci-info: +-------+-------------+----------+---------------+-----------+-------+
[   18.482456] cloud-init[933]: ci-info: | Route | Destination | Gateway  |    Genmask    | Interface | Flags |
[   18.486453] [cloud-init[0;32m  OK  [0m[933]: ] ci-info: +-------+-------------+----------+---------------+-----------+-------+Started ACPI Events Check.

[[   18.487107] cloud-init[933]: ci-info: |   0   |   0.0.0.0   | 10.0.2.2 |    0.0.0.0    |   enp0s3  |   UG  |
[0;32m  OK  [0m] Reached target Paths.
[   18.567077] cloud-init[933]: ci-info: |   1   |   10.0.2.0  | 0.0.0.0  | 255.255.255.0 |   enp0s3  |   U   |
[   18.602662] cloud-init[933]: ci-info: +-------+-------------+----------+---------------+-----------+-------+
[[0;32m  OK  [0m] Listening on ACPID Listen Socket.
[[   18.605943] cloud-init[933]: ci-info: +++++++++++++++++++Route IPv6 info+++++++++++++++++++
[   18.713872] cloud-init[933]: ci-info: +-------+-------------+---------+-----------+-------+
[0;32m  OK  [0m] Started Daily apt download activities.
         [   18.714276] Starting Socket activation for snappy daemon.cloud-init
[933]: ci-info: | Route | Destination | Gateway | Interface | Flags |
[   18.885453] cloud-init[933]: ci-info: +-------+-------------+---------+-----------+-------+
[   18.887108] cloud-init[933]: ci-info: |   0   |  fe80::/64  |    ::   |   enp0s3  |   U   |
[   18.887327] cloud-init[933]: ci-info: |   3   |   ff00::/8  |    ::   |   enp0s3  |   U   |
[[0;32m  OK  [0m] Started Daily apt upgrade and clean activities.
[   18.887958] cloud-init[933]: ci-info: +-------+-------------+---------+-----------+-------+
[   19.041617] cloud-init[933]: Generating public/private rsa key pair.
[   19.042133] cloud-init[933]: Your identification has been saved in /etc/ssh/ssh_host_rsa_key.
         Starting LXD - unix socket.
[   19.044608] cloud-init[933]: Your public key has been saved in /etc/ssh/ssh_host_rsa_key.pub.
[   19.075654] cloud-init[933]: The key fingerprint is:
[   19.076786] cloud-init[933]: SHA256:bf5VZWIIcIIsBfvtSw6HKDT/UrRnjgP7tH5JVR3nfRU root@ubuntu-xenial
[[0;32m  OK  [0m] Started Daily Cleanup of Temporary Directories.
[   19.081517] cloud-init[933]: The key's randomart image is:
[[0;32m  OK  [0m] Reached target Timers.
[   19.105180] cloud-init[933]: +---[RSA 2048]----+
[   19.165550] cloud-init[933]: |    .+..o.o  ..E+|
[   19.166573] cloud-init[[933]: [0;32m  OK  [0m|    ..o  o ....oo|] 
Listening on UUID daemon activation socket.
[   19.213942] cloud-init[933]: |    ..     .. o *|
[   19.214652] cloud-init[933]: |     ... ..  . oo|
[[0;32m  OK  [0m] Reached target Cloud-config availability.
[   19.216803] cloud-init[933]: |  o  ...S.o     .|
[[0;32m  OK  [0m] Reached target Network is Online.
[   19.238124] cloud-init[933]: | . o..oo+o     . |
[   19.257462] cloud-init[933]: |  . o++*+..   .  |
[   19.263953]          Starting iSCSI initiator daemon (iscsid)...
[[0;32m  OK  [0m] Listening on Socket activation for snappy daemon.
[cloud-init[0;32m  OK  [0m[933]: ] |   .ooo*+. . .   |Listening on LXD - unix socket.

[   19.304488] [cloud-init[0;32m  OK  [0m[933]: ] |     +=oo   .    |Reached target Sockets.

[   19.385105] [cloud-init[0;32m  OK  [0m[933]: ] +----[SHA256]-----+Reached target Basic System.

[   19.386476] cloud-init[933]: Generating public/private dsa key pair.
[   19.459357] cloud-init[933]: Your identification has been saved in /etc/ssh/ssh_host_dsa_key.
[   19.469868]          Starting /etc/rc.local Compatibility...
cloud-init[933]: Your public key has been saved in /etc/ssh/ssh_host_dsa_key.pub.
[   19.505302]          Starting Virtualbox guest utils...
cloud-init[933]: The key fingerprint is:
[   19.511010] cloud-init[933]: SHA256:dBTsErB18VVtUrTc3q7AxrPLkpOAGx2tP+5/GWRvXyg root@ubuntu-xenial
[   19.533342] cloud-init[933]: The key's randomart image is:
[   19.535638] cloud-init[933]: +---[DSA 1024]----+
         Starting Accounts Service...
[   19.535717] cloud-init[933]: |      ....=o  .+=|
[   19.553550] cloud-init[933]: |       o.o.. .o =|
[   19.564403]          Starting LXD - container startup/shutdown...
[cloud-init[0;32m  OK  [0m[933]: ] |      . .+. .  =.|Started Unattended Upgrades Shutdown.

[[0;32m  OK  [0m] Started ACPI event daemon.
         Starting System Logging Service...
         Starting LSB: Record successful boot for GRUB...
         Starting Login Service...
[   19.587714] cloud-init[933]: |       .o.o   o..|
[   19.656136] [[0;32m  OK  [0m] Started Deferred execution scheduler.
cloud-init[933]: |       oS+   o oo|
[   19.676301]          Starting Pollinate to seed the pseudo random number generator...
         Starting LSB: MD monitoring daemon...
cloud-init[933]: |      o +  oE o.+|
[   19.695438] cloud-init[933]: |       o o o*. ++|
[   19.697151] cloud-init[933]: |      .   Bo +o..|
[   19.697291] cloud-init[933]: |         oo==o.  |
[   19.697372] cloud-init[933]: +----[SHA256]-----+
[   19.697465] cloud-init[933]: Generating public/private ecdsa key pair.
[   19.698525] cloud-init[933]: Your identification has been saved in /etc/ssh/ssh_host_ecdsa_key.
[   19.698621] cloud-init[933]: Your public key has been saved in /etc/ssh/ssh_host_ecdsa_key.pub.
[   19.698685] cloud-init[933]: The key fingerprint is:
[   19.698749] cloud-init[933]: SHA256:iaKFz89b8KWZ1sKmAKIdDtD0/vkP2OHeEuEWvS02nzk root@ubuntu-xenial
[   19.698811] cloud-init[933]: The key's randomart image is:
[   19.698870] cloud-init[933]: +---[ECDSA 256]---+
[   19.698931] cloud-init[933]: |  .              |
[   19.699144] cloud-init[933]: | o .             |
[   19.699310] cloud-init[933]: |. . .    .       |
[[0;32m  OK  [0m] Started FUSE filesystem for LXC.
[   19.699632] cloud-init[933]: |.  o   .o..      |
[   19.873516] cloud-init[933]: |o + + o.So.o     |
[   19.885964] cloud-init[933]: |.= B o O+B= .    |
[   19.886496] cloud-init[933]: |. + + +.#o.+ o   |
[   19.888894] cloud-init[933]: |     + B.+  E    |
[   19.890561] cloud-init[933]: |      =.ooo  .   |
[   19.890982] cloud-init[933]: +----[SHA256]-----+
[[0;32m  OK  [0m] Started Regular background program processing daemon.
[   19.891587] cloud-init[933]: Generating public/private ed25519 key pair.
[   19.946010] cloud-init[933]: Your identification has been saved in /etc/ssh/ssh_host_ed25519_key.
[   19.947061] cloud-init[933]: Your public key has been saved in /etc/ssh/ssh_host_ed25519_key.pub.
[[0;32m  OK  [0m] Started D-Bus System Message Bus.
[   19.948814] cloud-init[933]: The key fingerprint is:
[   20.025253] cloud-init[933]: SHA256:qOFlVGM2xvPri7OH/FmfrSoFbVNMk6Br6S6iQ4REoWI root@ubuntu-xenial
         [   20.065298] cloud-init[933]: The key's randomart image is:
[   20.069201] Starting Snappy daemon...
cloud-init[933]: +--[ED25519 256]--+
[   20.120494] cloud-init[933]: | .o.   .B   .+o. |
[   20.121045] cloud-init[933]: | ..    =oo .  +. |
[[0;32m  OK  [0m] Started System Logging Service.
[   20.122023] cloud-init[933]: |oE .  .  o.. .   |
[   20.202011] cloud-init[933]: |o . .. .  oo+    |
[   20.223693] cloud-init[933]: |   .. + S ++ .   |
[   20.224285] [cloud-init[0;32m  OK  [0m[933]: ] |   ..=   o. .    |Started /etc/rc.local Compatibility.

[[0;32m  OK  [0m] Started LXD - container startup/shutdown.
[[0;32m  OK  [0m] Started Pollinate to seed the pseudo random number generator.
[[0;32m  OK  [0m] Started iSCSI initiator daemon (iscsid).
[[0;32m  OK  [0m] Started Snappy daemon.
[   20.226537] cloud-init[933]: |   .o  . o...    |
[   20.370476] cloud-init[933]: |    . . =o+o . o |
[   20.423191] cloud-init[933]: |    .o .o*=o..+..|
[[0;32m  OK  [0m] Started LSB: Record successful boot for GRUB.
[   20.431064] cloud-init[933]: +----[SHA256]-----+
[[0;32m  OK  [0m] Started Login Service.
[[0;32m  OK  [0m] Started LSB: MD monitoring daemon.
[[0;32m  OK  [0m] Started Virtualbox guest utils.
         Starting Authenticate and Authorize Users to Run Privileged Tasks...
         Starting Wait until snapd is fully seeded...
         Starting Login to default iSCSI targets...
         Starting OpenBSD Secure Shell server...
[[0;32m  OK  [0m] Started Authenticate and Authorize Users to Run Privileged Tasks.
[[0;32m  OK  [0m] Started OpenBSD Secure Shell server.
[[0;32m  OK  [0m] Started Accounts Service.
[[0;32m  OK  [0m] Started Login to default iSCSI targets.
[[0;32m  OK  [0m] Reached target Remote File Systems (Pre).
[[0;32m  OK  [0m] Reached target Remote File Systems.
         Starting Permit User Sessions...
         Starting LSB: daemon to balance interrupts for SMP systems...
         Starting LSB: automatic crash report generation...
         Starting LSB: Set the CPU Frequency Scaling governor to "ondemand"...
[[0;32m  OK  [0m] Started Permit User Sessions.
         Starting Terminate Plymouth Boot Screen...
         Starting Hold until boot process finishes up...
[[0;32m  OK  [0m] Started LSB: daemon to balance interrupts for SMP systems.
[[0;32m  OK  [0m] Started LSB: automatic crash report generation.
[[0;32m  OK  [0m] Started LSB: Set the CPU Frequency Scaling governor to "ondemand".
[[0;32m  OK  [0m] Started Terminate Plymouth Boot Screen.
[[0;32m  OK  [0m] Started Wait until snapd is fully seeded.
[[0;32m  OK  [0m] Started Hold until boot process finishes up.
[[0;32m  OK  [0m] Started Serial Getty on ttyS0.
         Starting Set console scheme...
[[0;32m  OK  [0m] Started Getty on tty1.
[[0;32m  OK  [0m] Reached target Login Prompts.
         Starting Apply the settings specified in cloud-config...
[[0;32m  OK  [0m] Reached target Multi-User System.
[[0;32m  OK  [0m] Reached target Graphical Interface.
         Starting Update UTMP about System Runlevel Changes...
[[0;32m  OK  [0m] Started Set console scheme.
[[0;32m  OK  [0m] Started Update UTMP about System Runlevel Changes.
[   21.876170] cloud-init[1255]: Generating locales (this might take a while)...
[[0;32m  OK  [0m] Created slice User Slice of vagrant.
         Starting User Manager for UID 1000...
[[0;32m  OK  [0m] Started Session 1 of user vagrant.
[[0;32m  OK  [0m] Started User Manager for UID 1000.
[   23.519935] cloud-init[1255]:   en_US.UTF-8... done
[   23.545750] cloud-init[1255]: Generation complete.
[   24.265343] cloud-init[1255]: Cloud-init v. 18.3-9-g2e62cb8a-0ubuntu1~16.04.2 running 'modules:config' at Tue, 16 Oct 2018 17:54:06 +0000. Up 21.69 seconds.
[[0;32m  OK  [0m] Started Apply the settings specified in cloud-config.
         Starting Execute cloud user/final scripts...
ci-info: no authorized ssh keys fingerprints found for user ubuntu.
         Stopping User Manager for UID 1000...
[[0;32m  OK  [0m] Stopped User Manager for UID 1000.
<14>Oct 16 17:54:09 ec2: 
<14>Oct 16 17:54:09 ec2: #############################################################
<14>Oct 16 17:54:09 ec2: -----BEGIN SSH HOST KEY FINGERPRINTS-----
<14>Oct 16 17:54:09 ec2: 1024 SHA256:dBTsErB18VVtUrTc3q7AxrPLkpOAGx2tP+5/GWRvXyg root@ubuntu-xenial (DSA)
<14>Oct 16 17:54:09 ec2: 256 SHA256:iaKFz89b8KWZ1sKmAKIdDtD0/vkP2OHeEuEWvS02nzk root@ubuntu-xenial (ECDSA)
<14>Oct 16 17:54:09 ec2: 256 SHA256:qOFlVGM2xvPri7OH/FmfrSoFbVNMk6Br6S6iQ4REoWI root@ubuntu-xenial (ED25519)
<14>Oct 16 17:54:09 ec2: 2048 SHA256:bf5VZWIIcIIsBfvtSw6HKDT/UrRnjgP7tH5JVR3nfRU root@ubuntu-xenial (RSA)
<14>Oct 16 17:54:09 ec2: -----END SSH HOST KEY FINGERPRINTS-----
<14>Oct 16 17:54:09 ec2: #############################################################
-----BEGIN SSH HOST KEY KEYS-----
ecdsa-sha2-nistp256 AAAAE2VjZHNhLXNoYTItbmlzdHAyNTYAAAAIbmlzdHAyNTYAAABBBKkio59n3pS7Sa79ambX920zzQWBXE7A6v8E9lDMIRfvPX3Rk7TrsU3cxPW6UAI6UxEvaNnlixfET49FRsBVsxI= root@ubuntu-xenial
ssh-ed25519 AAAAC3NzaC1lZDI1NTE5AAAAIEaFTaI6uLXb9PA4uv7klu6ONNSAdf0gq4qcL7sJIcLI root@ubuntu-xenial
ssh-rsa AAAAB3NzaC1yc2EAAAADAQABAAABAQCdHyBnQBPp2TSm2/K1dsLNg7uQWzRCx43ppIXzHQ2jeVP+Q672wCcSGpTtZkTF6PyLM9fVWk3qrZNIW/8xlfjo9X1ImNILvIf5+sK/LhdSTQhBuvA/431qIDrok+M6nXt3QzRJwTn6rkBfnC0H3IYm24Xt7+mPI39qJy90F2PW1UMCiYZoXzHCL964I8TdX6GP9X7gJXsXP09sTkm3sSVdQ98cmucInUBRkimPEE2syzbOlLVQxO704r12QUQTDiN+fJBEQmSn871PPMy1WFKjVb+Qb0tStusXp6COMals94ZZ/oH0LntWskNVVlQYRV/X7PPJiXQVb7+strLsjIrP root@ubuntu-xenial
-----END SSH HOST KEY KEYS-----
[[0;32m  OK  [0m] Removed slice User Slice of vagrant.
[   25.451575] cloud-init[1422]: Cloud-init v. 18.3-9-g2e62cb8a-0ubuntu1~16.04.2 running 'modules:final' at Tue, 16 Oct 2018 17:54:09 +0000. Up 24.73 seconds.
[   25.577039] [cloud-init[0;32m  OK  [0m[1422]: ] ci-info: no authorized ssh keys fingerprints found for user ubuntu.Created slice User Slice of vagrant.

[   25.578956] cloud-init[[0;32m  OK  [0m] Started Execute cloud user/final scripts.
[1422]: Cloud-init v. 18.3-9-g2e62cb8a-0ubuntu1~16.04.2 finished at Tue, 16 Oct 2018 17:54:09 +0000. Datasource DataSourceNoCloud [seed=/dev/sdb][dsmode=net].  Up 25.44 seconds
         Starting User Manager for UID 1000...
[[0;32m  OK  [0m] Reached target Cloud-init target.
[[0;32m  OK  [0m] Started User Manager for UID 1000.

Ubuntu 16.04.5 LTS ubuntu-xenial ttyS0

ubuntu-xenial login: 